../Core/Src/main.c:117:6:init_flash_ecc	8	static
../Core/Src/main.c:129:6:erase_user_flash	8	static
../Core/Src/main.c:152:6:cause_flash_single_error	48	static
../Core/Src/main.c:171:6:cause_flash_double_error	48	static
../Core/Src/main.c:190:6:HAL_FLASHEx_EccCorrectionCallback	8	static
../Core/Src/main.c:194:6:HAL_FLASHEx_EccDetectionCallback	8	static
../Core/Src/main.c:198:10:GetSector	24	static
../Core/Src/main.c:253:5:main	8	static
../Core/Src/main.c:302:6:SystemClock_Config	120	static
../Core/Src/main.c:363:13:MX_ETH_Init	8	static
../Core/Src/main.c:412:13:MX_USART3_UART_Init	8	static
../Core/Src/main.c:460:13:MX_USB_OTG_FS_PCD_Init	8	static
../Core/Src/main.c:496:13:MX_GPIO_Init	56	static
../Core/Src/main.c:565:6:Error_Handler	4	static,ignoring_inline_asm
