10:57:16 **** Incremental Build of configuration Debug for project Idea ****
make -j8 all 
arm-none-eabi-gcc "../Core/Src/main.c" -mcpu=cortex-m7 -std=gnu11 -g3 -DDEBUG -DUSE_HAL_DRIVER -DSTM32H743xx -c -I../Core/Inc -I../Drivers/STM32H7xx_HAL_Driver/Inc -I../Drivers/STM32H7xx_HAL_Driver/Inc/Legacy -I../Drivers/CMSIS/Device/ST/STM32H7xx/Include -I../Drivers/CMSIS/Include -I../Middlewares/Third_Party/FreeRTOS/Source/include -I../Middlewares/Third_Party/FreeRTOS/Source/CMSIS_RTOS -I../Middlewares/Third_Party/FreeRTOS/Source/portable/GCC/ARM_CM4F -O0 -ffunction-sections -fdata-sections -Wall -fstack-usage -MMD -MP -MF"Core/Src/main.d" -MT"Core/Src/main.o" --specs=nano.specs -mfpu=fpv5-d16 -mfloat-abi=hard -mthumb -o "Core/Src/main.o"
arm-none-eabi-gcc -o "Idea.elf" @"objects.list"   -mcpu=cortex-m7 -T"C:\Users\perez\STM32CubeIDE\workspace_1.11.2\test\Idea\STM32H743XIHX_FLASH.ld" --specs=nosys.specs -Wl,-Map="Idea.map" -Wl,--gc-sections -static --specs=nano.specs -mfpu=fpv5-d16 -mfloat-abi=hard -mthumb -Wl,--start-group -lc -lm -Wl,--end-group
Finished building target: Idea.elf
 
arm-none-eabi-size   Idea.elf 
arm-none-eabi-objdump -h -S  Idea.elf  > "Idea.list"
   text	   data	    bss	    dec	    hex	filename
  24384	     28	  18148	  42560	   a640	Idea.elf
Finished building: default.size.stdout
 
Finished building: Idea.list
 
11:20:13 **** Incremental Build of configuration Debug for project Idea ****
make -j8 all 
arm-none-eabi-size   Idea.elf 
   text	   data	    bss	    dec	    hex	filename
  24384	     28	  18148	  42560	   a640	Idea.elf
Finished building: default.size.stdout
 
11:20:55 **** Incremental Build of configuration Debug for project Idea ****
make -j8 all 
arm-none-eabi-size   Idea.elf 
   text	   data	    bss	    dec	    hex	filename
  24384	     28	  18148	  42560	   a640	Idea.elf
Finished building: default.size.stdout
 
11:21:44 **** Incremental Build of configuration Debug for project Idea ****
make -j8 all 
arm-none-eabi-size   Idea.elf 
   text	   data	    bss	    dec	    hex	filename
  24384	     28	  18148	  42560	   a640	Idea.elf
Finished building: default.size.stdout
 
