../Core/Src/main.c:80:5:main	128	static
../Core/Src/main.c:166:6:SystemClock_Config	120	static
../Core/Src/main.c:231:13:MX_LTDC_Init	112	static
../Core/Src/main.c:313:13:MX_RNG_Init	8	static
../Core/Src/main.c:340:13:MX_GPIO_Init	72	static
../Core/Src/main.c:389:6:StartBlinking1	16	static
../Core/Src/main.c:408:6:StartBlinking3	16	static
../Core/Src/main.c:427:6:StartReset	16	static
../Core/Src/main.c:445:6:StartSet	16	static
../Core/Src/main.c:470:6:HAL_TIM_PeriodElapsedCallback	16	static
../Core/Src/main.c:487:6:Error_Handler	4	static,ignoring_inline_asm
