../Core/Src/main.c:89:6:SetBootloaderFlag	8	static,ignoring_inline_asm
../Core/Src/main.c:95:6:JumpToBootloader	16	static,ignoring_inline_asm
../Core/Src/main.c:108:6:HAL_UART_RxCpltCallback	136	static
../Core/Src/main.c:140:5:main	72	static
../Core/Src/main.c:188:6:SystemClock_Config	120	static
../Core/Src/main.c:239:13:MX_ETH_Init	8	static
../Core/Src/main.c:288:13:MX_USART1_UART_Init	8	static
../Core/Src/main.c:336:13:MX_USART3_UART_Init	8	static
../Core/Src/main.c:384:13:MX_GPIO_Init	56	static
../Core/Src/main.c:453:6:Error_Handler	4	static,ignoring_inline_asm
