../Drivers/CMSIS/Include/core_cm0.h:856:34:__NVIC_SystemReset	8	static,ignoring_inline_asm
../Core/Src/main.c:86:5:main	32	static
../Core/Src/main.c:169:6:SystemClock_Config	104	static
../Core/Src/main.c:218:13:MX_ADC_Init	24	static
../Core/Src/main.c:368:13:MX_DAC1_Init	16	static
../Core/Src/main.c:408:13:MX_I2C1_Init	8	static
../Core/Src/main.c:456:13:MX_SPI1_Init	8	static
../Core/Src/main.c:496:13:MX_SPI2_Init	8	static
../Core/Src/main.c:536:13:MX_TIM1_Init	96	static
../Core/Src/main.c:611:13:MX_TIM2_Init	64	static
../Core/Src/main.c:670:13:MX_USART1_UART_Init	8	static
../Core/Src/main.c:703:13:MX_DMA_Init	16	static
../Core/Src/main.c:724:13:MX_GPIO_Init	48	static
../Core/Src/main.c:753:6:Error_Handler	8	static,ignoring_inline_asm
