../Core/Src/main.c:124:6:read_RAM	24	static
../Core/Src/main.c:135:6:write_RAM	16	static
../Core/Src/main.c:144:6:PerformMemoryCheck	8	static
../Core/Src/main.c:164:5:main	8	static
../Core/Src/main.c:210:6:SystemClock_Config	120	static
../Core/Src/main.c:271:13:MX_ETH_Init	8	static
../Core/Src/main.c:320:13:MX_RAMECC_Init	8	static
../Core/Src/main.c:463:13:MX_USART3_UART_Init	8	static
../Core/Src/main.c:511:13:MX_USB_OTG_FS_PCD_Init	8	static
../Core/Src/main.c:547:13:MX_GPIO_Init	56	static
../Core/Src/main.c:609:6:HAL_RAMECC_DetectErrorCallback	24	static
../Core/Src/main.c:627:6:enable_ramecc_monitor_notifications	16	static
../Core/Src/main.c:641:6:Error_Handler	4	static,ignoring_inline_asm
