10:04:39 **** Incremental Build of configuration Debug for project I2C_Test ****
make -j16 all 
arm-none-eabi-gcc "../Core/Src/main.c" -mcpu=cortex-m0 -std=gnu11 -g3 -DDEBUG -DUSE_HAL_DRIVER -DSTM32F051x8 -c -I../Core/Inc -I../Drivers/STM32F0xx_HAL_Driver/Inc -I../Drivers/STM32F0xx_HAL_Driver/Inc/Legacy -I../Drivers/CMSIS/Device/ST/STM32F0xx/Include -I../Drivers/CMSIS/Include -O0 -ffunction-sections -fdata-sections -Wall -fstack-usage -fcyclomatic-complexity -MMD -MP -MF"Core/Src/main.d" -MT"Core/Src/main.o" --specs=nano.specs -mfloat-abi=soft -mthumb -o "Core/Src/main.o"
../Core/Src/main.c: In function 'main':
../Core/Src/main.c:142:53: warning: '%f' directive writing between 3 and 317 bytes into a region of size 7 [-Wformat-overflow=]
  142 |    tempbufferlength = sprintf(buffer, "Temperature: %f\r\n\n", celsius);
      |                                                     ^~
../Core/Src/main.c:142:39: note: assuming directive output of 8 bytes
  142 |    tempbufferlength = sprintf(buffer, "Temperature: %f\r\n\n", celsius);
      |                                       ^~~~~~~~~~~~~~~~~~~~~~~
../Core/Src/main.c:142:23: note: 'sprintf' output between 20 and 334 bytes into a destination of size 20
  142 |    tempbufferlength = sprintf(buffer, "Temperature: %f\r\n\n", celsius);
      |                       ^~~~~~~~~~~~~~~~~~~~~~~~~~~~~~~~~~~~~~~~~~~~~~~~~
../Core/Src/main.c:121:7: warning: '__builtin_memcpy' writing 18 bytes into a region of size 12 overflows the destination [-Wstringop-overflow=]
  121 |       strcpy((char*)buf, "Transmit Error!\r\n");
      |       ^~~~~~~~~~~~~~~~~~~~~~~~~~~~~~~~~~~~~~~~~
../Core/Src/main.c:125:8: warning: '__builtin_memcpy' writing 17 bytes into a region of size 12 overflows the destination [-Wstringop-overflow=]
  125 |        strcpy((char*)buf, "Receive Error!\r\n");
      |        ^~~~~~~~~~~~~~~~~~~~~~~~~~~~~~~~~~~~~~~~
arm-none-eabi-gcc -o "I2C_Test.elf" @"objects.list"   -mcpu=cortex-m0 -T"C:\Users\nolan\OneDrive\Documents\Github\Practice-Software\nolan-juneau\I2C_Test\STM32F051R8TX_FLASH.ld" --specs=nosys.specs -Wl,-Map="I2C_Test.map" -Wl,--gc-sections -static -u _printf_float --specs=nano.specs -mfloat-abi=soft -mthumb -Wl,--start-group -lc -lm -Wl,--end-group
Finished building target: I2C_Test.elf
 
arm-none-eabi-size   I2C_Test.elf 
arm-none-eabi-objdump -h -S  I2C_Test.elf  > "I2C_Test.list"
   text	   data	    bss	    dec	    hex	filename
  33868	    484	   1812	  36164	   8d44	I2C_Test.elf
Finished building: default.size.stdout
 
Finished building: I2C_Test.list
 
10:04:45 **** Incremental Build of configuration Debug for project I2C_Test ****
make -j16 all 
arm-none-eabi-size   I2C_Test.elf 
   text	   data	    bss	    dec	    hex	filename
  33868	    484	   1812	  36164	   8d44	I2C_Test.elf
Finished building: default.size.stdout
 
10:05:46 **** Incremental Build of configuration Debug for project I2C_Test ****
make -j16 all 
arm-none-eabi-size   I2C_Test.elf 
   text	   data	    bss	    dec	    hex	filename
  33868	    484	   1812	  36164	   8d44	I2C_Test.elf
Finished building: default.size.stdout
 
10:10:24 **** Incremental Build of configuration Debug for project I2C_Test ****
make -j16 all 
arm-none-eabi-size   I2C_Test.elf 
   text	   data	    bss	    dec	    hex	filename
  33868	    484	   1812	  36164	   8d44	I2C_Test.elf
Finished building: default.size.stdout
 
