Archive member included to satisfy reference by file (symbol)

/Applications/STM32CubeIDE.app/Contents/Eclipse/plugins/com.st.stm32cube.ide.mcu.externaltools.gnu-tools-for-stm32.10.3-2021.10.macos64_1.0.200.202301161003/tools/bin/../lib/gcc/arm-none-eabi/10.3.1/../../../../arm-none-eabi/lib/thumb/v7e-m+dp/hard/libc_nano.a(lib_a-errno.o)
                              ./Core/Src/syscalls.o (__errno)
/Applications/STM32CubeIDE.app/Contents/Eclipse/plugins/com.st.stm32cube.ide.mcu.externaltools.gnu-tools-for-stm32.10.3-2021.10.macos64_1.0.200.202301161003/tools/bin/../lib/gcc/arm-none-eabi/10.3.1/../../../../arm-none-eabi/lib/thumb/v7e-m+dp/hard/libc_nano.a(lib_a-exit.o)
                              /Applications/STM32CubeIDE.app/Contents/Eclipse/plugins/com.st.stm32cube.ide.mcu.externaltools.gnu-tools-for-stm32.10.3-2021.10.macos64_1.0.200.202301161003/tools/bin/../lib/gcc/arm-none-eabi/10.3.1/../../../../arm-none-eabi/lib/thumb/v7e-m+dp/hard/crt0.o (exit)
/Applications/STM32CubeIDE.app/Contents/Eclipse/plugins/com.st.stm32cube.ide.mcu.externaltools.gnu-tools-for-stm32.10.3-2021.10.macos64_1.0.200.202301161003/tools/bin/../lib/gcc/arm-none-eabi/10.3.1/../../../../arm-none-eabi/lib/thumb/v7e-m+dp/hard/libc_nano.a(lib_a-impure.o)
                              /Applications/STM32CubeIDE.app/Contents/Eclipse/plugins/com.st.stm32cube.ide.mcu.externaltools.gnu-tools-for-stm32.10.3-2021.10.macos64_1.0.200.202301161003/tools/bin/../lib/gcc/arm-none-eabi/10.3.1/../../../../arm-none-eabi/lib/thumb/v7e-m+dp/hard/libc_nano.a(lib_a-exit.o) (_global_impure_ptr)
/Applications/STM32CubeIDE.app/Contents/Eclipse/plugins/com.st.stm32cube.ide.mcu.externaltools.gnu-tools-for-stm32.10.3-2021.10.macos64_1.0.200.202301161003/tools/bin/../lib/gcc/arm-none-eabi/10.3.1/../../../../arm-none-eabi/lib/thumb/v7e-m+dp/hard/libc_nano.a(lib_a-init.o)
                              /Applications/STM32CubeIDE.app/Contents/Eclipse/plugins/com.st.stm32cube.ide.mcu.externaltools.gnu-tools-for-stm32.10.3-2021.10.macos64_1.0.200.202301161003/tools/bin/../lib/gcc/arm-none-eabi/10.3.1/../../../../arm-none-eabi/lib/thumb/v7e-m+dp/hard/crt0.o (__libc_init_array)
/Applications/STM32CubeIDE.app/Contents/Eclipse/plugins/com.st.stm32cube.ide.mcu.externaltools.gnu-tools-for-stm32.10.3-2021.10.macos64_1.0.200.202301161003/tools/bin/../lib/gcc/arm-none-eabi/10.3.1/../../../../arm-none-eabi/lib/thumb/v7e-m+dp/hard/libc_nano.a(lib_a-memset.o)
                              /Applications/STM32CubeIDE.app/Contents/Eclipse/plugins/com.st.stm32cube.ide.mcu.externaltools.gnu-tools-for-stm32.10.3-2021.10.macos64_1.0.200.202301161003/tools/bin/../lib/gcc/arm-none-eabi/10.3.1/../../../../arm-none-eabi/lib/thumb/v7e-m+dp/hard/crt0.o (memset)
/Applications/STM32CubeIDE.app/Contents/Eclipse/plugins/com.st.stm32cube.ide.mcu.externaltools.gnu-tools-for-stm32.10.3-2021.10.macos64_1.0.200.202301161003/tools/bin/../lib/gcc/arm-none-eabi/10.3.1/thumb/v7e-m+dp/hard/libgcc.a(_aeabi_uldivmod.o)
                              ./Drivers/STM32H7xx_HAL_Driver/Src/stm32h7xx_hal_uart.o (__aeabi_uldivmod)
/Applications/STM32CubeIDE.app/Contents/Eclipse/plugins/com.st.stm32cube.ide.mcu.externaltools.gnu-tools-for-stm32.10.3-2021.10.macos64_1.0.200.202301161003/tools/bin/../lib/gcc/arm-none-eabi/10.3.1/thumb/v7e-m+dp/hard/libgcc.a(_udivmoddi4.o)
                              /Applications/STM32CubeIDE.app/Contents/Eclipse/plugins/com.st.stm32cube.ide.mcu.externaltools.gnu-tools-for-stm32.10.3-2021.10.macos64_1.0.200.202301161003/tools/bin/../lib/gcc/arm-none-eabi/10.3.1/thumb/v7e-m+dp/hard/libgcc.a(_aeabi_uldivmod.o) (__udivmoddi4)
/Applications/STM32CubeIDE.app/Contents/Eclipse/plugins/com.st.stm32cube.ide.mcu.externaltools.gnu-tools-for-stm32.10.3-2021.10.macos64_1.0.200.202301161003/tools/bin/../lib/gcc/arm-none-eabi/10.3.1/thumb/v7e-m+dp/hard/libgcc.a(_dvmd_tls.o)
                              /Applications/STM32CubeIDE.app/Contents/Eclipse/plugins/com.st.stm32cube.ide.mcu.externaltools.gnu-tools-for-stm32.10.3-2021.10.macos64_1.0.200.202301161003/tools/bin/../lib/gcc/arm-none-eabi/10.3.1/thumb/v7e-m+dp/hard/libgcc.a(_aeabi_uldivmod.o) (__aeabi_ldiv0)

Discarded input sections

 .text          0x0000000000000000        0x0 /Applications/STM32CubeIDE.app/Contents/Eclipse/plugins/com.st.stm32cube.ide.mcu.externaltools.gnu-tools-for-stm32.10.3-2021.10.macos64_1.0.200.202301161003/tools/bin/../lib/gcc/arm-none-eabi/10.3.1/thumb/v7e-m+dp/hard/crti.o
 .data          0x0000000000000000        0x0 /Applications/STM32CubeIDE.app/Contents/Eclipse/plugins/com.st.stm32cube.ide.mcu.externaltools.gnu-tools-for-stm32.10.3-2021.10.macos64_1.0.200.202301161003/tools/bin/../lib/gcc/arm-none-eabi/10.3.1/thumb/v7e-m+dp/hard/crti.o
 .bss           0x0000000000000000        0x0 /Applications/STM32CubeIDE.app/Contents/Eclipse/plugins/com.st.stm32cube.ide.mcu.externaltools.gnu-tools-for-stm32.10.3-2021.10.macos64_1.0.200.202301161003/tools/bin/../lib/gcc/arm-none-eabi/10.3.1/thumb/v7e-m+dp/hard/crti.o
[...]
Memory Configuration

Name             Origin             Length             Attributes
FLASH            0x0000000008000000 0x0000000000200000 xr
DTCMRAM          0x0000000020000000 0x0000000000020000 xrw
RAM_D1           0x0000000024000000 0x0000000000080000 xrw
RAM_D2           0x0000000030000000 0x0000000000048000 xrw
RAM_D3           0x0000000038000000 0x0000000000010000 xrw
ITCMRAM          0x0000000000000000 0x0000000000010000 xrw
*default*        0x0000000000000000 0xffffffffffffffff

Linker script and memory map

LOAD /Applications/STM32CubeIDE.app/Contents/Eclipse/plugins/com.st.stm32cube.ide.mcu.externaltools.gnu-tools-for-stm32.10.3-2021.10.macos64_1.0.200.202301161003/tools/bin/../lib/gcc/arm-none-eabi/10.3.1/thumb/v7e-m+dp/hard/crti.o
LOAD /Applications/STM32CubeIDE.app/Contents/Eclipse/plugins/com.st.stm32cube.ide.mcu.externaltools.gnu-tools-for-stm32.10.3-2021.10.macos64_1.0.200.202301161003/tools/bin/../lib/gcc/arm-none-eabi/10.3.1/thumb/v7e-m+dp/hard/crtbegin.o
LOAD /Applications/STM32CubeIDE.app/Contents/Eclipse/plugins/com.st.stm32cube.ide.mcu.externaltools.gnu-tools-for-stm32.10.3-2021.10.macos64_1.0.200.202301161003/tools/bin/../lib/gcc/arm-none-eabi/10.3.1/../../../../arm-none-eabi/lib/thumb/v7e-m+dp/hard/crt0.o
LOAD ./Core/Src/main.o
LOAD ./Core/Src/stm32h7xx_hal_msp.o
LOAD ./Core/Src/stm32h7xx_it.o
LOAD ./Core/Src/syscalls.o
LOAD ./Core/Src/sysmem.o
LOAD ./Core/Src/system_stm32h7xx.o
LOAD ./Core/Startup/startup_stm32h753zitx.o
LOAD ./Drivers/STM32H7xx_HAL_Driver/Src/stm32h7xx_hal.o
LOAD ./Drivers/STM32H7xx_HAL_Driver/Src/stm32h7xx_hal_cortex.o
LOAD ./Drivers/STM32H7xx_HAL_Driver/Src/stm32h7xx_hal_dma.o
LOAD ./Drivers/STM32H7xx_HAL_Driver/Src/stm32h7xx_hal_dma_ex.o
LOAD ./Drivers/STM32H7xx_HAL_Driver/Src/stm32h7xx_hal_eth.o
LOAD ./Drivers/STM32H7xx_HAL_Driver/Src/stm32h7xx_hal_eth_ex.o
LOAD ./Drivers/STM32H7xx_HAL_Driver/Src/stm32h7xx_hal_exti.o
LOAD ./Drivers/STM32H7xx_HAL_Driver/Src/stm32h7xx_hal_flash.o
LOAD ./Drivers/STM32H7xx_HAL_Driver/Src/stm32h7xx_hal_flash_ex.o
LOAD ./Drivers/STM32H7xx_HAL_Driver/Src/stm32h7xx_hal_gpio.o
LOAD ./Drivers/STM32H7xx_HAL_Driver/Src/stm32h7xx_hal_hsem.o
LOAD ./Drivers/STM32H7xx_HAL_Driver/Src/stm32h7xx_hal_i2c.o
LOAD ./Drivers/STM32H7xx_HAL_Driver/Src/stm32h7xx_hal_i2c_ex.o
LOAD ./Drivers/STM32H7xx_HAL_Driver/Src/stm32h7xx_hal_mdma.o
LOAD ./Drivers/STM32H7xx_HAL_Driver/Src/stm32h7xx_hal_pcd.o
LOAD ./Drivers/STM32H7xx_HAL_Driver/Src/stm32h7xx_hal_pcd_ex.o
LOAD ./Drivers/STM32H7xx_HAL_Driver/Src/stm32h7xx_hal_pwr.o
LOAD ./Drivers/STM32H7xx_HAL_Driver/Src/stm32h7xx_hal_pwr_ex.o
LOAD ./Drivers/STM32H7xx_HAL_Driver/Src/stm32h7xx_hal_ramecc.o
LOAD ./Drivers/STM32H7xx_HAL_Driver/Src/stm32h7xx_hal_rcc.o
LOAD ./Drivers/STM32H7xx_HAL_Driver/Src/stm32h7xx_hal_rcc_ex.o
LOAD ./Drivers/STM32H7xx_HAL_Driver/Src/stm32h7xx_hal_tim.o
LOAD ./Drivers/STM32H7xx_HAL_Driver/Src/stm32h7xx_hal_tim_ex.o
LOAD ./Drivers/STM32H7xx_HAL_Driver/Src/stm32h7xx_hal_uart.o
LOAD ./Drivers/STM32H7xx_HAL_Driver/Src/stm32h7xx_hal_uart_ex.o
LOAD ./Drivers/STM32H7xx_HAL_Driver/Src/stm32h7xx_ll_usb.o
START GROUP
LOAD /Applications/STM32CubeIDE.app/Contents/Eclipse/plugins/com.st.stm32cube.ide.mcu.externaltools.gnu-tools-for-stm32.10.3-2021.10.macos64_1.0.200.202301161003/tools/bin/../lib/gcc/arm-none-eabi/10.3.1/../../../../arm-none-eabi/lib/thumb/v7e-m+dp/hard/libc_nano.a
LOAD /Applications/STM32CubeIDE.app/Contents/Eclipse/plugins/com.st.stm32cube.ide.mcu.externaltools.gnu-tools-for-stm32.10.3-2021.10.macos64_1.0.200.202301161003/tools/bin/../lib/gcc/arm-none-eabi/10.3.1/../../../../arm-none-eabi/lib/thumb/v7e-m+dp/hard/libm.a
END GROUP
START GROUP
LOAD /Applications/STM32CubeIDE.app/Contents/Eclipse/plugins/com.st.stm32cube.ide.mcu.externaltools.gnu-tools-for-stm32.10.3-2021.10.macos64_1.0.200.202301161003/tools/bin/../lib/gcc/arm-none-eabi/10.3.1/thumb/v7e-m+dp/hard/libgcc.a
LOAD /Applications/STM32CubeIDE.app/Contents/Eclipse/plugins/com.st.stm32cube.ide.mcu.externaltools.gnu-tools-for-stm32.10.3-2021.10.macos64_1.0.200.202301161003/tools/bin/../lib/gcc/arm-none-eabi/10.3.1/../../../../arm-none-eabi/lib/thumb/v7e-m+dp/hard/libc_nano.a
END GROUP
START GROUP
LOAD /Applications/STM32CubeIDE.app/Contents/Eclipse/plugins/com.st.stm32cube.ide.mcu.externaltools.gnu-tools-for-stm32.10.3-2021.10.macos64_1.0.200.202301161003/tools/bin/../lib/gcc/arm-none-eabi/10.3.1/thumb/v7e-m+dp/hard/libgcc.a
LOAD /Applications/STM32CubeIDE.app/Contents/Eclipse/plugins/com.st.stm32cube.ide.mcu.externaltools.gnu-tools-for-stm32.10.3-2021.10.macos64_1.0.200.202301161003/tools/bin/../lib/gcc/arm-none-eabi/10.3.1/../../../../arm-none-eabi/lib/thumb/v7e-m+dp/hard/libc_nano.a
LOAD /Applications/STM32CubeIDE.app/Contents/Eclipse/plugins/com.st.stm32cube.ide.mcu.externaltools.gnu-tools-for-stm32.10.3-2021.10.macos64_1.0.200.202301161003/tools/bin/../lib/gcc/arm-none-eabi/10.3.1/../../../../arm-none-eabi/lib/thumb/v7e-m+dp/hard/libnosys.a
END GROUP
START GROUP
LOAD /Applications/STM32CubeIDE.app/Contents/Eclipse/plugins/com.st.stm32cube.ide.mcu.externaltools.gnu-tools-for-stm32.10.3-2021.10.macos64_1.0.200.202301161003/tools/bin/../lib/gcc/arm-none-eabi/10.3.1/thumb/v7e-m+dp/hard/libgcc.a
LOAD /Applications/STM32CubeIDE.app/Contents/Eclipse/plugins/com.st.stm32cube.ide.mcu.externaltools.gnu-tools-for-stm32.10.3-2021.10.macos64_1.0.200.202301161003/tools/bin/../lib/gcc/arm-none-eabi/10.3.1/../../../../arm-none-eabi/lib/thumb/v7e-m+dp/hard/libc_nano.a
LOAD /Applications/STM32CubeIDE.app/Contents/Eclipse/plugins/com.st.stm32cube.ide.mcu.externaltools.gnu-tools-for-stm32.10.3-2021.10.macos64_1.0.200.202301161003/tools/bin/../lib/gcc/arm-none-eabi/10.3.1/../../../../arm-none-eabi/lib/thumb/v7e-m+dp/hard/libnosys.a
END GROUP
LOAD /Applications/STM32CubeIDE.app/Contents/Eclipse/plugins/com.st.stm32cube.ide.mcu.externaltools.gnu-tools-for-stm32.10.3-2021.10.macos64_1.0.200.202301161003/tools/bin/../lib/gcc/arm-none-eabi/10.3.1/thumb/v7e-m+dp/hard/crtend.o
LOAD /Applications/STM32CubeIDE.app/Contents/Eclipse/plugins/com.st.stm32cube.ide.mcu.externaltools.gnu-tools-for-stm32.10.3-2021.10.macos64_1.0.200.202301161003/tools/bin/../lib/gcc/arm-none-eabi/10.3.1/thumb/v7e-m+dp/hard/crtn.o
                0x0000000024080000                _estack = (ORIGIN (RAM_D1) + LENGTH (RAM_D1))
                0x0000000000000200                _Min_Heap_Size = 0x200
                0x0000000000000400                _Min_Stack_Size = 0x400

.isr_vector     0x0000000008000000      0x298
                0x0000000008000000                . = ALIGN (0x4)
 *(.isr_vector)
 .isr_vector    0x0000000008000000      0x298 ./Core/Startup/startup_stm32h753zitx.o
                0x0000000008000000                g_pfnVectors
                0x0000000008000298                . = ALIGN (0x4)

.text           0x0000000008000298     0x6b80
                0x0000000008000298                . = ALIGN (0x4)
 *(.text)
 .text          0x0000000008000298       0x40 /Applications/STM32CubeIDE.app/Contents/Eclipse/plugins/com.st.stm32cube.ide.mcu.externaltools.gnu-tools-for-stm32.10.3-2021.10.macos64_1.0.200.202301161003/tools/bin/../lib/gcc/arm-none-eabi/10.3.1/thumb/v7e-m+dp/hard/crtbegin.o
 .text          0x00000000080002d8       0x30 /Applications/STM32CubeIDE.app/Contents/Eclipse/plugins/com.st.stm32cube.ide.mcu.externaltools.gnu-tools-for-stm32.10.3-2021.10.macos64_1.0.200.202301161003/tools/bin/../lib/gcc/arm-none-eabi/10.3.1/thumb/v7e-m+dp/hard/libgcc.a(_aeabi_uldivmod.o)
                0x00000000080002d8                __aeabi_uldivmod
 .text          0x0000000008000308      0x2d0 /Applications/STM32CubeIDE.app/Contents/Eclipse/plugins/com.st.stm32cube.ide.mcu.externaltools.gnu-tools-for-stm32.10.3-2021.10.macos64_1.0.200.202301161003/tools/bin/../lib/gcc/arm-none-eabi/10.3.1/thumb/v7e-m+dp/hard/libgcc.a(_udivmoddi4.o)
                0x0000000008000308                __udivmoddi4
 .text          0x00000000080005d8        0x4 /Applications/STM32CubeIDE.app/Contents/Eclipse/plugins/com.st.stm32cube.ide.mcu.externaltools.gnu-tools-for-stm32.10.3-2021.10.macos64_1.0.200.202301161003/tools/bin/../lib/gcc/arm-none-eabi/10.3.1/thumb/v7e-m+dp/hard/libgcc.a(_dvmd_tls.o)
                0x00000000080005d8                __aeabi_ldiv0
                0x00000000080005d8                __aeabi_idiv0
 *(.text*)
 .text.read_RAM
                0x00000000080005dc       0x2e ./Core/Src/main.o
                0x00000000080005dc                read_RAM
 .text.write_RAM
                0x000000000800060a       0x2e ./Core/Src/main.o
                0x000000000800060a                write_RAM
 .text.PerformMemoryCheck
                0x0000000008000638       0x78 ./Core/Src/main.o
                0x0000000008000638                PerformMemoryCheck
 .text.main     0x00000000080006b0       0x26 ./Core/Src/main.o
                0x00000000080006b0                main
 *fill*         0x00000000080006d6        0x2 
 .text.SystemClock_Config
                0x00000000080006d8      0x100 ./Core/Src/main.o
                0x00000000080006d8                SystemClock_Config
 .text.MX_ETH_Init
                0x00000000080007d8       0x98 ./Core/Src/main.o
 .text.MX_RAMECC_Init
                0x0000000008000870      0x238 ./Core/Src/main.o
 .text.MX_USART3_UART_Init
                0x0000000008000aa8       0x98 ./Core/Src/main.o
 .text.MX_USB_OTG_FS_PCD_Init
                0x0000000008000b40       0x64 ./Core/Src/main.o
 .text.MX_GPIO_Init
                0x0000000008000ba4      0x1b8 ./Core/Src/main.o
 .text.HAL_RAMECC_DetectErrorCallback
                0x0000000008000d5c       0x68 ./Core/Src/main.o
                0x0000000008000d5c                HAL_RAMECC_DetectErrorCallback
 .text.enable_ramecc_monitor_notifications
                0x0000000008000dc4       0x38 ./Core/Src/main.o
                0x0000000008000dc4                enable_ramecc_monitor_notifications
 .text.Error_Handler
                0x0000000008000dfc        0xa ./Core/Src/main.o
                0x0000000008000dfc                Error_Handler
 *fill*         0x0000000008000e06        0x2 
 .text.HAL_MspInit
                0x0000000008000e08       0x34 ./Core/Src/stm32h7xx_hal_msp.o
                0x0000000008000e08                HAL_MspInit
 .text.HAL_ETH_MspInit
                0x0000000008000e3c      0x19c ./Core/Src/stm32h7xx_hal_msp.o
                0x0000000008000e3c                HAL_ETH_MspInit
 .text.HAL_UART_MspInit
                0x0000000008000fd8       0xd4 ./Core/Src/stm32h7xx_hal_msp.o
                0x0000000008000fd8                HAL_UART_MspInit
 .text.HAL_PCD_MspInit
                0x00000000080010ac       0xf8 ./Core/Src/stm32h7xx_hal_msp.o
                0x00000000080010ac                HAL_PCD_MspInit
 .text.NMI_Handler
                0x00000000080011a4        0x6 ./Core/Src/stm32h7xx_it.o
                0x00000000080011a4                NMI_Handler
 .text.HardFault_Handler
                0x00000000080011aa        0x6 ./Core/Src/stm32h7xx_it.o
                0x00000000080011aa                HardFault_Handler
 .text.MemManage_Handler
                0x00000000080011b0        0x6 ./Core/Src/stm32h7xx_it.o
                0x00000000080011b0                MemManage_Handler
 .text.BusFault_Handler
                0x00000000080011b6        0x6 ./Core/Src/stm32h7xx_it.o
                0x00000000080011b6                BusFault_Handler
 .text.UsageFault_Handler
                0x00000000080011bc        0x6 ./Core/Src/stm32h7xx_it.o
                0x00000000080011bc                UsageFault_Handler
 .text.SVC_Handler
                0x00000000080011c2        0xe ./Core/Src/stm32h7xx_it.o
                0x00000000080011c2                SVC_Handler
 .text.DebugMon_Handler
                0x00000000080011d0        0xe ./Core/Src/stm32h7xx_it.o
                0x00000000080011d0                DebugMon_Handler
 .text.PendSV_Handler
                0x00000000080011de        0xe ./Core/Src/stm32h7xx_it.o
                0x00000000080011de                PendSV_Handler
 .text.SysTick_Handler
                0x00000000080011ec        0xc ./Core/Src/stm32h7xx_it.o
                0x00000000080011ec                SysTick_Handler
 .text.ECC_IRQHandler
                0x00000000080011f8      0x170 ./Core/Src/stm32h7xx_it.o
                0x00000000080011f8                ECC_IRQHandler
 .text.SystemInit
                0x0000000008001368      0x110 ./Core/Src/system_stm32h7xx.o
                0x0000000008001368                SystemInit
 .text.Reset_Handler
                0x0000000008001478       0x50 ./Core/Startup/startup_stm32h753zitx.o
                0x0000000008001478                Reset_Handler
 .text.Default_Handler
                0x00000000080014c8        0x2 ./Core/Startup/startup_stm32h753zitx.o
                0x00000000080014c8                DMA1_Stream3_IRQHandler
                0x00000000080014c8                HASH_RNG_IRQHandler
                0x00000000080014c8                EXTI2_IRQHandler
                0x00000000080014c8                TIM8_CC_IRQHandler
                0x00000000080014c8                HRTIM1_Master_IRQHandler
                0x00000000080014c8                UART8_IRQHandler
                0x00000000080014c8                SPI4_IRQHandler
                0x00000000080014c8                TIM1_CC_IRQHandler
                0x00000000080014c8                BDMA_Channel6_IRQHandler
                0x00000000080014c8                DMA2_Stream5_IRQHandler
                0x00000000080014c8                HRTIM1_FLT_IRQHandler
                0x00000000080014c8                JPEG_IRQHandler
                0x00000000080014c8                DMA1_Stream5_IRQHandler
                0x00000000080014c8                BDMA_Channel1_IRQHandler
                0x00000000080014c8                HRTIM1_TIMD_IRQHandler
                0x00000000080014c8                TAMP_STAMP_IRQHandler
                0x00000000080014c8                EXTI3_IRQHandler
                0x00000000080014c8                LPTIM4_IRQHandler
                0x00000000080014c8                TIM8_TRG_COM_TIM14_IRQHandler
                0x00000000080014c8                LPTIM2_IRQHandler
                0x00000000080014c8                DFSDM1_FLT1_IRQHandler
                0x00000000080014c8                DMAMUX2_OVR_IRQHandler
                0x00000000080014c8                TIM8_UP_TIM13_IRQHandler
                0x00000000080014c8                I2C3_ER_IRQHandler
                0x00000000080014c8                DFSDM1_FLT2_IRQHandler
                0x00000000080014c8                MDMA_IRQHandler
                0x00000000080014c8                LPTIM3_IRQHandler
                0x00000000080014c8                HSEM1_IRQHandler
                0x00000000080014c8                EXTI0_IRQHandler
                0x00000000080014c8                I2C2_EV_IRQHandler
                0x00000000080014c8                DMA1_Stream2_IRQHandler
                0x00000000080014c8                FPU_IRQHandler
                0x00000000080014c8                OTG_HS_WKUP_IRQHandler
                0x00000000080014c8                FDCAN1_IT1_IRQHandler
                0x00000000080014c8                LTDC_ER_IRQHandler
                0x00000000080014c8                DMA2_Stream2_IRQHandler
                0x00000000080014c8                HRTIM1_TIME_IRQHandler
                0x00000000080014c8                SPI1_IRQHandler
                0x00000000080014c8                TIM6_DAC_IRQHandler
                0x00000000080014c8                DCMI_IRQHandler
                0x00000000080014c8                HRTIM1_TIMC_IRQHandler
                0x00000000080014c8                DMA2_Stream3_IRQHandler
                0x00000000080014c8                SAI2_IRQHandler
                0x00000000080014c8                DFSDM1_FLT3_IRQHandler
                0x00000000080014c8                USART6_IRQHandler
                0x00000000080014c8                TIM17_IRQHandler
                0x00000000080014c8                USART3_IRQHandler
                0x00000000080014c8                BDMA_Channel7_IRQHandler
                0x00000000080014c8                CRYP_IRQHandler
                0x00000000080014c8                LPTIM5_IRQHandler
                0x00000000080014c8                UART5_IRQHandler
                0x00000000080014c8                ADC3_IRQHandler
                0x00000000080014c8                DMA2_Stream0_IRQHandler
                0x00000000080014c8                TIM4_IRQHandler
                0x00000000080014c8                BDMA_Channel2_IRQHandler
                0x00000000080014c8                QUADSPI_IRQHandler
                0x00000000080014c8                I2C1_EV_IRQHandler
                0x00000000080014c8                DMA1_Stream6_IRQHandler
                0x00000000080014c8                DMAMUX1_OVR_IRQHandler
                0x00000000080014c8                DMA1_Stream1_IRQHandler
                0x00000000080014c8                TIM16_IRQHandler
                0x00000000080014c8                UART4_IRQHandler
                0x00000000080014c8                BDMA_Channel5_IRQHandler
                0x00000000080014c8                TIM3_IRQHandler
                0x00000000080014c8                RCC_IRQHandler
                0x00000000080014c8                TIM8_BRK_TIM12_IRQHandler
                0x00000000080014c8                TIM1_TRG_COM_IRQHandler
                0x00000000080014c8                Default_Handler
                0x00000000080014c8                CEC_IRQHandler
                0x00000000080014c8                EXTI15_10_IRQHandler
                0x00000000080014c8                BDMA_Channel0_IRQHandler
                0x00000000080014c8                ADC_IRQHandler
                0x00000000080014c8                DMA1_Stream7_IRQHandler
                0x00000000080014c8                HRTIM1_TIMA_IRQHandler
                0x00000000080014c8                SPI5_IRQHandler
                0x00000000080014c8                TIM7_IRQHandler
                0x00000000080014c8                SDMMC1_IRQHandler
                0x00000000080014c8                TIM5_IRQHandler
                0x00000000080014c8                DMA2_Stream7_IRQHandler
                0x00000000080014c8                TIM15_IRQHandler
                0x00000000080014c8                PVD_AVD_IRQHandler
                0x00000000080014c8                I2C3_EV_IRQHandler
                0x00000000080014c8                EXTI9_5_IRQHandler
                0x00000000080014c8                RTC_WKUP_IRQHandler
                0x00000000080014c8                LTDC_IRQHandler
                0x00000000080014c8                SAI3_IRQHandler
                0x00000000080014c8                ETH_WKUP_IRQHandler
                0x00000000080014c8                SPDIF_RX_IRQHandler
                0x00000000080014c8                SPI2_IRQHandler
                0x00000000080014c8                OTG_HS_EP1_IN_IRQHandler
                0x00000000080014c8                DMA1_Stream0_IRQHandler
                0x00000000080014c8                CRS_IRQHandler
                0x00000000080014c8                EXTI4_IRQHandler
                0x00000000080014c8                HRTIM1_TIMB_IRQHandler
                0x00000000080014c8                FDCAN2_IT1_IRQHandler
                0x00000000080014c8                ETH_IRQHandler
                0x00000000080014c8                TIM1_UP_IRQHandler
                0x00000000080014c8                BDMA_Channel4_IRQHandler
                0x00000000080014c8                OTG_HS_EP1_OUT_IRQHandler
                0x00000000080014c8                WWDG_IRQHandler
                0x00000000080014c8                SPI6_IRQHandler
                0x00000000080014c8                MDIOS_IRQHandler
                0x00000000080014c8                I2C4_EV_IRQHandler
                0x00000000080014c8                FDCAN2_IT0_IRQHandler
                0x00000000080014c8                LPUART1_IRQHandler
                0x00000000080014c8                FDCAN1_IT0_IRQHandler
                0x00000000080014c8                TIM2_IRQHandler
                0x00000000080014c8                OTG_FS_WKUP_IRQHandler
                0x00000000080014c8                OTG_HS_IRQHandler
                0x00000000080014c8                DMA2D_IRQHandler
                0x00000000080014c8                TIM1_BRK_IRQHandler
                0x00000000080014c8                EXTI1_IRQHandler
                0x00000000080014c8                SDMMC2_IRQHandler
                0x00000000080014c8                OTG_FS_EP1_OUT_IRQHandler
                0x00000000080014c8                BDMA_Channel3_IRQHandler
                0x00000000080014c8                UART7_IRQHandler
                0x00000000080014c8                MDIOS_WKUP_IRQHandler
                0x00000000080014c8                USART2_IRQHandler
                0x00000000080014c8                DFSDM1_FLT0_IRQHandler
                0x00000000080014c8                SAI4_IRQHandler
                0x00000000080014c8                I2C2_ER_IRQHandler
                0x00000000080014c8                DMA2_Stream1_IRQHandler
                0x00000000080014c8                FLASH_IRQHandler
                0x00000000080014c8                DMA2_Stream4_IRQHandler
                0x00000000080014c8                USART1_IRQHandler
                0x00000000080014c8                OTG_FS_IRQHandler
                0x00000000080014c8                SPI3_IRQHandler
                0x00000000080014c8                WAKEUP_PIN_IRQHandler
                0x00000000080014c8                DMA1_Stream4_IRQHandler
                0x00000000080014c8                OTG_FS_EP1_IN_IRQHandler
                0x00000000080014c8                I2C1_ER_IRQHandler
                0x00000000080014c8                FMC_IRQHandler
                0x00000000080014c8                FDCAN_CAL_IRQHandler
                0x00000000080014c8                SWPMI1_IRQHandler
                0x00000000080014c8                COMP1_IRQHandler
                0x00000000080014c8                LPTIM1_IRQHandler
                0x00000000080014c8                I2C4_ER_IRQHandler
                0x00000000080014c8                DMA2_Stream6_IRQHandler
                0x00000000080014c8                SAI1_IRQHandler
                0x00000000080014c8                RTC_Alarm_IRQHandler
 *fill*         0x00000000080014ca        0x2 
 .text.HAL_Init
                0x00000000080014cc       0x78 ./Drivers/STM32H7xx_HAL_Driver/Src/stm32h7xx_hal.o
                0x00000000080014cc                HAL_Init
 .text.HAL_InitTick
                0x0000000008001544       0x6c ./Drivers/STM32H7xx_HAL_Driver/Src/stm32h7xx_hal.o
                0x0000000008001544                HAL_InitTick
 .text.HAL_IncTick
                0x00000000080015b0       0x28 ./Drivers/STM32H7xx_HAL_Driver/Src/stm32h7xx_hal.o
                0x00000000080015b0                HAL_IncTick
 .text.HAL_GetTick
                0x00000000080015d8       0x18 ./Drivers/STM32H7xx_HAL_Driver/Src/stm32h7xx_hal.o
                0x00000000080015d8                HAL_GetTick
 .text.HAL_Delay
                0x00000000080015f0       0x48 ./Drivers/STM32H7xx_HAL_Driver/Src/stm32h7xx_hal.o
                0x00000000080015f0                HAL_Delay
 .text.HAL_GetREVID
                0x0000000008001638       0x18 ./Drivers/STM32H7xx_HAL_Driver/Src/stm32h7xx_hal.o
                0x0000000008001638                HAL_GetREVID
 .text.HAL_SYSCFG_ETHInterfaceSelect
                0x0000000008001650       0x28 ./Drivers/STM32H7xx_HAL_Driver/Src/stm32h7xx_hal.o
                0x0000000008001650                HAL_SYSCFG_ETHInterfaceSelect
 .text.__NVIC_SetPriorityGrouping
                0x0000000008001678       0x48 ./Drivers/STM32H7xx_HAL_Driver/Src/stm32h7xx_hal_cortex.o
 .text.__NVIC_GetPriorityGrouping
                0x00000000080016c0       0x1c ./Drivers/STM32H7xx_HAL_Driver/Src/stm32h7xx_hal_cortex.o
 .text.__NVIC_EnableIRQ
                0x00000000080016dc       0x3c ./Drivers/STM32H7xx_HAL_Driver/Src/stm32h7xx_hal_cortex.o
 .text.__NVIC_SetPriority
                0x0000000008001718       0x54 ./Drivers/STM32H7xx_HAL_Driver/Src/stm32h7xx_hal_cortex.o
 .text.NVIC_EncodePriority
                0x000000000800176c       0x66 ./Drivers/STM32H7xx_HAL_Driver/Src/stm32h7xx_hal_cortex.o
 *fill*         0x00000000080017d2        0x2 
 .text.SysTick_Config
                0x00000000080017d4       0x44 ./Drivers/STM32H7xx_HAL_Driver/Src/stm32h7xx_hal_cortex.o
 .text.HAL_NVIC_SetPriorityGrouping
                0x0000000008001818       0x16 ./Drivers/STM32H7xx_HAL_Driver/Src/stm32h7xx_hal_cortex.o
                0x0000000008001818                HAL_NVIC_SetPriorityGrouping
 .text.HAL_NVIC_SetPriority
                0x000000000800182e       0x34 ./Drivers/STM32H7xx_HAL_Driver/Src/stm32h7xx_hal_cortex.o
                0x000000000800182e                HAL_NVIC_SetPriority
 .text.HAL_NVIC_EnableIRQ
                0x0000000008001862       0x1c ./Drivers/STM32H7xx_HAL_Driver/Src/stm32h7xx_hal_cortex.o
                0x0000000008001862                HAL_NVIC_EnableIRQ
 .text.HAL_SYSTICK_Config
                0x000000000800187e       0x18 ./Drivers/STM32H7xx_HAL_Driver/Src/stm32h7xx_hal_cortex.o
                0x000000000800187e                HAL_SYSTICK_Config
 *fill*         0x0000000008001896        0x2 
 .text.HAL_ETH_Init
                0x0000000008001898      0x1fc ./Drivers/STM32H7xx_HAL_Driver/Src/stm32h7xx_hal_eth.o
                0x0000000008001898                HAL_ETH_Init
 .text.HAL_ETH_SetMDIOClockRange
                0x0000000008001a94       0xa0 ./Drivers/STM32H7xx_HAL_Driver/Src/stm32h7xx_hal_eth.o
                0x0000000008001a94                HAL_ETH_SetMDIOClockRange
 .text.ETH_SetMACConfig
                0x0000000008001b34      0x238 ./Drivers/STM32H7xx_HAL_Driver/Src/stm32h7xx_hal_eth.o
 .text.ETH_SetDMAConfig
                0x0000000008001d6c      0x10c ./Drivers/STM32H7xx_HAL_Driver/Src/stm32h7xx_hal_eth.o
 .text.ETH_MACDMAConfig
                0x0000000008001e78      0x13a ./Drivers/STM32H7xx_HAL_Driver/Src/stm32h7xx_hal_eth.o
 .text.ETH_DMATxDescListInit
                0x0000000008001fb2       0x92 ./Drivers/STM32H7xx_HAL_Driver/Src/stm32h7xx_hal_eth.o
 .text.ETH_DMARxDescListInit
                0x0000000008002044       0xba ./Drivers/STM32H7xx_HAL_Driver/Src/stm32h7xx_hal_eth.o
 *fill*         0x00000000080020fe        0x2 
 .text.HAL_GPIO_Init
                0x0000000008002100      0x360 ./Drivers/STM32H7xx_HAL_Driver/Src/stm32h7xx_hal_gpio.o
                0x0000000008002100                HAL_GPIO_Init
 .text.HAL_GPIO_WritePin
                0x0000000008002460       0x32 ./Drivers/STM32H7xx_HAL_Driver/Src/stm32h7xx_hal_gpio.o
                0x0000000008002460                HAL_GPIO_WritePin
 .text.HAL_PCD_Init
                0x0000000008002492      0x218 ./Drivers/STM32H7xx_HAL_Driver/Src/stm32h7xx_hal_pcd.o
                0x0000000008002492                HAL_PCD_Init
 *fill*         0x00000000080026aa        0x2 
 .text.HAL_PCDEx_ActivateLPM
                0x00000000080026ac       0x48 ./Drivers/STM32H7xx_HAL_Driver/Src/stm32h7xx_hal_pcd_ex.o
                0x00000000080026ac                HAL_PCDEx_ActivateLPM
 .text.HAL_PWREx_ConfigSupply
                0x00000000080026f4       0x74 ./Drivers/STM32H7xx_HAL_Driver/Src/stm32h7xx_hal_pwr_ex.o
                0x00000000080026f4                HAL_PWREx_ConfigSupply
 .text.HAL_PWREx_EnableUSBVoltageDetector
                0x0000000008002768       0x20 ./Drivers/STM32H7xx_HAL_Driver/Src/stm32h7xx_hal_pwr_ex.o
                0x0000000008002768                HAL_PWREx_EnableUSBVoltageDetector
 .text.HAL_RAMECC_Init
                0x0000000008002788       0x80 ./Drivers/STM32H7xx_HAL_Driver/Src/stm32h7xx_hal_ramecc.o
                0x0000000008002788                HAL_RAMECC_Init
 .text.HAL_RAMECC_StartMonitor
                0x0000000008002808       0x46 ./Drivers/STM32H7xx_HAL_Driver/Src/stm32h7xx_hal_ramecc.o
                0x0000000008002808                HAL_RAMECC_StartMonitor
 *fill*         0x000000000800284e        0x2 
 .text.HAL_RAMECC_EnableNotification
                0x0000000008002850       0xa8 ./Drivers/STM32H7xx_HAL_Driver/Src/stm32h7xx_hal_ramecc.o
                0x0000000008002850                HAL_RAMECC_EnableNotification
 .text.HAL_RAMECC_IRQHandler
                0x00000000080028f8       0x90 ./Drivers/STM32H7xx_HAL_Driver/Src/stm32h7xx_hal_ramecc.o
                0x00000000080028f8                HAL_RAMECC_IRQHandler
 .text.HAL_RAMECC_GetFailingAddress
                0x0000000008002988       0x1a ./Drivers/STM32H7xx_HAL_Driver/Src/stm32h7xx_hal_ramecc.o
                0x0000000008002988                HAL_RAMECC_GetFailingAddress
 .text.HAL_RAMECC_GetRAMECCError
                0x00000000080029a2       0x18 ./Drivers/STM32H7xx_HAL_Driver/Src/stm32h7xx_hal_ramecc.o
                0x00000000080029a2                HAL_RAMECC_GetRAMECCError
 *fill*         0x00000000080029ba        0x2 
 .text.HAL_RCC_OscConfig
                0x00000000080029bc      0x8b4 ./Drivers/STM32H7xx_HAL_Driver/Src/stm32h7xx_hal_rcc.o
                0x00000000080029bc                HAL_RCC_OscConfig
 .text.HAL_RCC_ClockConfig
                0x0000000008003270      0x36c ./Drivers/STM32H7xx_HAL_Driver/Src/stm32h7xx_hal_rcc.o
                0x0000000008003270                HAL_RCC_ClockConfig
 .text.HAL_RCC_GetSysClockFreq
                0x00000000080035dc      0x2f4 ./Drivers/STM32H7xx_HAL_Driver/Src/stm32h7xx_hal_rcc.o
                0x00000000080035dc                HAL_RCC_GetSysClockFreq
 .text.HAL_RCC_GetHCLKFreq
                0x00000000080038d0       0x60 ./Drivers/STM32H7xx_HAL_Driver/Src/stm32h7xx_hal_rcc.o
                0x00000000080038d0                HAL_RCC_GetHCLKFreq
 .text.HAL_RCC_GetPCLK1Freq
                0x0000000008003930       0x2c ./Drivers/STM32H7xx_HAL_Driver/Src/stm32h7xx_hal_rcc.o
                0x0000000008003930                HAL_RCC_GetPCLK1Freq
 .text.HAL_RCC_GetPCLK2Freq
                0x000000000800395c       0x2c ./Drivers/STM32H7xx_HAL_Driver/Src/stm32h7xx_hal_rcc.o
                0x000000000800395c                HAL_RCC_GetPCLK2Freq
 .text.HAL_RCCEx_PeriphCLKConfig
                0x0000000008003988     0x1414 ./Drivers/STM32H7xx_HAL_Driver/Src/stm32h7xx_hal_rcc_ex.o
                0x0000000008003988                HAL_RCCEx_PeriphCLKConfig
 .text.HAL_RCCEx_GetD3PCLK1Freq
                0x0000000008004d9c       0x2c ./Drivers/STM32H7xx_HAL_Driver/Src/stm32h7xx_hal_rcc_ex.o
                0x0000000008004d9c                HAL_RCCEx_GetD3PCLK1Freq
 .text.HAL_RCCEx_GetPLL2ClockFreq
                0x0000000008004dc8      0x2a8 ./Drivers/STM32H7xx_HAL_Driver/Src/stm32h7xx_hal_rcc_ex.o
                0x0000000008004dc8                HAL_RCCEx_GetPLL2ClockFreq
 .text.HAL_RCCEx_GetPLL3ClockFreq
                0x0000000008005070      0x2a8 ./Drivers/STM32H7xx_HAL_Driver/Src/stm32h7xx_hal_rcc_ex.o
                0x0000000008005070                HAL_RCCEx_GetPLL3ClockFreq
 .text.RCCEx_PLL2_Config
                0x0000000008005318      0x164 ./Drivers/STM32H7xx_HAL_Driver/Src/stm32h7xx_hal_rcc_ex.o
 .text.RCCEx_PLL3_Config
                0x000000000800547c      0x164 ./Drivers/STM32H7xx_HAL_Driver/Src/stm32h7xx_hal_rcc_ex.o
 .text.HAL_UART_Init
                0x00000000080055e0       0xa0 ./Drivers/STM32H7xx_HAL_Driver/Src/stm32h7xx_hal_uart.o
                0x00000000080055e0                HAL_UART_Init
 .text.UART_SetConfig
                0x0000000008005680      0xad0 ./Drivers/STM32H7xx_HAL_Driver/Src/stm32h7xx_hal_uart.o
                0x0000000008005680                UART_SetConfig
 .text.UART_AdvFeatureConfig
                0x0000000008006150      0x144 ./Drivers/STM32H7xx_HAL_Driver/Src/stm32h7xx_hal_uart.o
                0x0000000008006150                UART_AdvFeatureConfig
 .text.UART_CheckIdleState
                0x0000000008006294      0x154 ./Drivers/STM32H7xx_HAL_Driver/Src/stm32h7xx_hal_uart.o
                0x0000000008006294                UART_CheckIdleState
 .text.UART_WaitOnFlagUntilTimeout
                0x00000000080063e8       0xda ./Drivers/STM32H7xx_HAL_Driver/Src/stm32h7xx_hal_uart.o
                0x00000000080063e8                UART_WaitOnFlagUntilTimeout
 *fill*         0x00000000080064c2        0x2 
 .text.UART_EndRxTransfer
                0x00000000080064c4       0xcc ./Drivers/STM32H7xx_HAL_Driver/Src/stm32h7xx_hal_uart.o
 .text.HAL_UARTEx_DisableFifoMode
                0x0000000008006590       0x72 ./Drivers/STM32H7xx_HAL_Driver/Src/stm32h7xx_hal_uart_ex.o
                0x0000000008006590                HAL_UARTEx_DisableFifoMode
 .text.HAL_UARTEx_SetTxFifoThreshold
                0x0000000008006602       0x7c ./Drivers/STM32H7xx_HAL_Driver/Src/stm32h7xx_hal_uart_ex.o
                0x0000000008006602                HAL_UARTEx_SetTxFifoThreshold
 .text.HAL_UARTEx_SetRxFifoThreshold
                0x000000000800667e       0x7c ./Drivers/STM32H7xx_HAL_Driver/Src/stm32h7xx_hal_uart_ex.o
                0x000000000800667e                HAL_UARTEx_SetRxFifoThreshold
 *fill*         0x00000000080066fa        0x2 
 .text.UARTEx_SetNbDataToProcess
                0x00000000080066fc       0x9c ./Drivers/STM32H7xx_HAL_Driver/Src/stm32h7xx_hal_uart_ex.o
 .text.USB_CoreInit
                0x0000000008006798       0xe4 ./Drivers/STM32H7xx_HAL_Driver/Src/stm32h7xx_ll_usb.o
                0x0000000008006798                USB_CoreInit
 .text.USB_DisableGlobalInt
                0x000000000800687c       0x22 ./Drivers/STM32H7xx_HAL_Driver/Src/stm32h7xx_ll_usb.o
                0x000000000800687c                USB_DisableGlobalInt
 .text.USB_SetCurrentMode
                0x000000000800689e       0x98 ./Drivers/STM32H7xx_HAL_Driver/Src/stm32h7xx_ll_usb.o
                0x000000000800689e                USB_SetCurrentMode
 *fill*         0x0000000008006936        0x2 
 .text.USB_DevInit
                0x0000000008006938      0x2bc ./Drivers/STM32H7xx_HAL_Driver/Src/stm32h7xx_ll_usb.o
                0x0000000008006938                USB_DevInit
 .text.USB_FlushTxFifo
                0x0000000008006bf4       0x64 ./Drivers/STM32H7xx_HAL_Driver/Src/stm32h7xx_ll_usb.o
                0x0000000008006bf4                USB_FlushTxFifo
 .text.USB_FlushRxFifo
                0x0000000008006c58       0x5c ./Drivers/STM32H7xx_HAL_Driver/Src/stm32h7xx_ll_usb.o
                0x0000000008006c58                USB_FlushRxFifo
 .text.USB_SetDevSpeed
                0x0000000008006cb4       0x32 ./Drivers/STM32H7xx_HAL_Driver/Src/stm32h7xx_ll_usb.o
                0x0000000008006cb4                USB_SetDevSpeed
 .text.USB_DevDisconnect
                0x0000000008006ce6       0x42 ./Drivers/STM32H7xx_HAL_Driver/Src/stm32h7xx_ll_usb.o
                0x0000000008006ce6                USB_DevDisconnect
 .text.USB_GetMode
                0x0000000008006d28       0x1c ./Drivers/STM32H7xx_HAL_Driver/Src/stm32h7xx_ll_usb.o
                0x0000000008006d28                USB_GetMode
 .text.USB_CoreReset
                0x0000000008006d44       0x62 ./Drivers/STM32H7xx_HAL_Driver/Src/stm32h7xx_ll_usb.o
 *fill*         0x0000000008006da6        0x2 
 .text.__libc_init_array
                0x0000000008006da8       0x48 /Applications/STM32CubeIDE.app/Contents/Eclipse/plugins/com.st.stm32cube.ide.mcu.externaltools.gnu-tools-for-stm32.10.3-2021.10.macos64_1.0.200.202301161003/tools/bin/../lib/gcc/arm-none-eabi/10.3.1/../../../../arm-none-eabi/lib/thumb/v7e-m+dp/hard/libc_nano.a(lib_a-init.o)
                0x0000000008006da8                __libc_init_array
 .text.memset   0x0000000008006df0       0x10 /Applications/STM32CubeIDE.app/Contents/Eclipse/plugins/com.st.stm32cube.ide.mcu.externaltools.gnu-tools-for-stm32.10.3-2021.10.macos64_1.0.200.202301161003/tools/bin/../lib/gcc/arm-none-eabi/10.3.1/../../../../arm-none-eabi/lib/thumb/v7e-m+dp/hard/libc_nano.a(lib_a-memset.o)
                0x0000000008006df0                memset
 *(.glue_7)
 .glue_7        0x0000000008006e00        0x0 linker stubs
 *(.glue_7t)
 .glue_7t       0x0000000008006e00        0x0 linker stubs
 *(.eh_frame)
 .eh_frame      0x0000000008006e00        0x0 /Applications/STM32CubeIDE.app/Contents/Eclipse/plugins/com.st.stm32cube.ide.mcu.externaltools.gnu-tools-for-stm32.10.3-2021.10.macos64_1.0.200.202301161003/tools/bin/../lib/gcc/arm-none-eabi/10.3.1/thumb/v7e-m+dp/hard/crtbegin.o
 *(.init)
 .init          0x0000000008006e00        0x4 /Applications/STM32CubeIDE.app/Contents/Eclipse/plugins/com.st.stm32cube.ide.mcu.externaltools.gnu-tools-for-stm32.10.3-2021.10.macos64_1.0.200.202301161003/tools/bin/../lib/gcc/arm-none-eabi/10.3.1/thumb/v7e-m+dp/hard/crti.o
                0x0000000008006e00                _init
 .init          0x0000000008006e04        0x8 /Applications/STM32CubeIDE.app/Contents/Eclipse/plugins/com.st.stm32cube.ide.mcu.externaltools.gnu-tools-for-stm32.10.3-2021.10.macos64_1.0.200.202301161003/tools/bin/../lib/gcc/arm-none-eabi/10.3.1/thumb/v7e-m+dp/hard/crtn.o
 *(.fini)
 .fini          0x0000000008006e0c        0x4 /Applications/STM32CubeIDE.app/Contents/Eclipse/plugins/com.st.stm32cube.ide.mcu.externaltools.gnu-tools-for-stm32.10.3-2021.10.macos64_1.0.200.202301161003/tools/bin/../lib/gcc/arm-none-eabi/10.3.1/thumb/v7e-m+dp/hard/crti.o
                0x0000000008006e0c                _fini
 .fini          0x0000000008006e10        0x8 /Applications/STM32CubeIDE.app/Contents/Eclipse/plugins/com.st.stm32cube.ide.mcu.externaltools.gnu-tools-for-stm32.10.3-2021.10.macos64_1.0.200.202301161003/tools/bin/../lib/gcc/arm-none-eabi/10.3.1/thumb/v7e-m+dp/hard/crtn.o
                0x0000000008006e18                . = ALIGN (0x4)
                0x0000000008006e18                _etext = .

.vfp11_veneer   0x0000000008006e18        0x0
 .vfp11_veneer  0x0000000008006e18        0x0 linker stubs

.v4_bx          0x0000000008006e18        0x0
 .v4_bx         0x0000000008006e18        0x0 linker stubs

.iplt           0x0000000008006e18        0x0
 .iplt          0x0000000008006e18        0x0 /Applications/STM32CubeIDE.app/Contents/Eclipse/plugins/com.st.stm32cube.ide.mcu.externaltools.gnu-tools-for-stm32.10.3-2021.10.macos64_1.0.200.202301161003/tools/bin/../lib/gcc/arm-none-eabi/10.3.1/thumb/v7e-m+dp/hard/crtbegin.o

.rodata         0x0000000008006e18       0x38
                0x0000000008006e18                . = ALIGN (0x4)
 *(.rodata)
 *(.rodata*)
 .rodata.D1CorePrescTable
                0x0000000008006e18       0x10 ./Core/Src/system_stm32h7xx.o
                0x0000000008006e18                D1CorePrescTable
 .rodata.UARTPrescTable
                0x0000000008006e28       0x18 ./Drivers/STM32H7xx_HAL_Driver/Src/stm32h7xx_hal_uart.o
                0x0000000008006e28                UARTPrescTable
 .rodata.numerator.1
                0x0000000008006e40        0x8 ./Drivers/STM32H7xx_HAL_Driver/Src/stm32h7xx_hal_uart_ex.o
 .rodata.denominator.0
                0x0000000008006e48        0x8 ./Drivers/STM32H7xx_HAL_Driver/Src/stm32h7xx_hal_uart_ex.o
                0x0000000008006e50                . = ALIGN (0x4)

.ARM.extab
 *(.ARM.extab* .gnu.linkonce.armextab.*)

.ARM            0x0000000008006e50        0x8
                0x0000000008006e50                __exidx_start = .
 *(.ARM.exidx*)
 .ARM.exidx     0x0000000008006e50        0x8 /Applications/STM32CubeIDE.app/Contents/Eclipse/plugins/com.st.stm32cube.ide.mcu.externaltools.gnu-tools-for-stm32.10.3-2021.10.macos64_1.0.200.202301161003/tools/bin/../lib/gcc/arm-none-eabi/10.3.1/thumb/v7e-m+dp/hard/libgcc.a(_udivmoddi4.o)
                0x0000000008006e58                __exidx_end = .

.rel.dyn        0x0000000008006e58        0x0
 .rel.iplt      0x0000000008006e58        0x0 /Applications/STM32CubeIDE.app/Contents/Eclipse/plugins/com.st.stm32cube.ide.mcu.externaltools.gnu-tools-for-stm32.10.3-2021.10.macos64_1.0.200.202301161003/tools/bin/../lib/gcc/arm-none-eabi/10.3.1/thumb/v7e-m+dp/hard/crtbegin.o

.preinit_array  0x0000000008006e58        0x0
                0x0000000008006e58                PROVIDE (__preinit_array_start = .)
 *(.preinit_array*)
                0x0000000008006e58                PROVIDE (__preinit_array_end = .)

.init_array     0x0000000008006e58        0x4
                0x0000000008006e58                PROVIDE (__init_array_start = .)
 *(SORT_BY_NAME(.init_array.*))
 *(.init_array*)
 .init_array    0x0000000008006e58        0x4 /Applications/STM32CubeIDE.app/Contents/Eclipse/plugins/com.st.stm32cube.ide.mcu.externaltools.gnu-tools-for-stm32.10.3-2021.10.macos64_1.0.200.202301161003/tools/bin/../lib/gcc/arm-none-eabi/10.3.1/thumb/v7e-m+dp/hard/crtbegin.o
                0x0000000008006e5c                PROVIDE (__init_array_end = .)

.fini_array     0x0000000008006e5c        0x4
                [!provide]                        PROVIDE (__fini_array_start = .)
 *(SORT_BY_NAME(.fini_array.*))
 *(.fini_array*)
 .fini_array    0x0000000008006e5c        0x4 /Applications/STM32CubeIDE.app/Contents/Eclipse/plugins/com.st.stm32cube.ide.mcu.externaltools.gnu-tools-for-stm32.10.3-2021.10.macos64_1.0.200.202301161003/tools/bin/../lib/gcc/arm-none-eabi/10.3.1/thumb/v7e-m+dp/hard/crtbegin.o
                [!provide]                        PROVIDE (__fini_array_end = .)
                0x0000000008006e60                _sidata = LOADADDR (.data)

.data           0x0000000024000000       0x10 load address 0x0000000008006e60
                0x0000000024000000                . = ALIGN (0x4)
                0x0000000024000000                _sdata = .
 *(.data)
 *(.data*)
 .data.SystemCoreClock
                0x0000000024000000        0x4 ./Core/Src/system_stm32h7xx.o
                0x0000000024000000                SystemCoreClock
 .data.SystemD2Clock
                0x0000000024000004        0x4 ./Core/Src/system_stm32h7xx.o
                0x0000000024000004                SystemD2Clock
 .data.uwTickPrio
                0x0000000024000008        0x4 ./Drivers/STM32H7xx_HAL_Driver/Src/stm32h7xx_hal.o
                0x0000000024000008                uwTickPrio
 .data.uwTickFreq
                0x000000002400000c        0x1 ./Drivers/STM32H7xx_HAL_Driver/Src/stm32h7xx_hal.o
                0x000000002400000c                uwTickFreq
 *(.RamFunc)
 *(.RamFunc*)
                0x0000000024000010                . = ALIGN (0x4)
 *fill*         0x000000002400000d        0x3 
                0x0000000024000010                _edata = .

.igot.plt       0x0000000024000010        0x0 load address 0x0000000008006e70
 .igot.plt      0x0000000024000010        0x0 /Applications/STM32CubeIDE.app/Contents/Eclipse/plugins/com.st.stm32cube.ide.mcu.externaltools.gnu-tools-for-stm32.10.3-2021.10.macos64_1.0.200.202301161003/tools/bin/../lib/gcc/arm-none-eabi/10.3.1/thumb/v7e-m+dp/hard/crtbegin.o

.RxDecripSection
                0x0000000024000010       0x60 load address 0x0000000008006e70
 .RxDecripSection
                0x0000000024000010       0x60 ./Core/Src/main.o
                0x0000000024000010                DMARxDscrTab

.TxDecripSection
                0x0000000024000070       0x60 load address 0x0000000008006ed0
 .TxDecripSection
                0x0000000024000070       0x60 ./Core/Src/main.o
                0x0000000024000070                DMATxDscrTab
                0x00000000240000d0                . = ALIGN (0x4)

.bss            0x00000000240000d0      0x748 load address 0x0000000008006f30
                0x00000000240000d0                _sbss = .
                0x00000000240000d0                __bss_start__ = _sbss
 *(.bss)
 .bss           0x00000000240000d0       0x1c /Applications/STM32CubeIDE.app/Contents/Eclipse/plugins/com.st.stm32cube.ide.mcu.externaltools.gnu-tools-for-stm32.10.3-2021.10.macos64_1.0.200.202301161003/tools/bin/../lib/gcc/arm-none-eabi/10.3.1/thumb/v7e-m+dp/hard/crtbegin.o
 *(.bss*)
 .bss.TxConfig  0x00000000240000ec       0x38 ./Core/Src/main.o
                0x00000000240000ec                TxConfig
 .bss.heth      0x0000000024000124       0xb0 ./Core/Src/main.o
                0x0000000024000124                heth
 .bss.hramecc1_m1
                0x00000000240001d4       0x10 ./Core/Src/main.o
                0x00000000240001d4                hramecc1_m1
 .bss.hramecc1_m2
                0x00000000240001e4       0x10 ./Core/Src/main.o
                0x00000000240001e4                hramecc1_m2
 .bss.hramecc1_m3
                0x00000000240001f4       0x10 ./Core/Src/main.o
                0x00000000240001f4                hramecc1_m3
 .bss.hramecc1_m4
                0x0000000024000204       0x10 ./Core/Src/main.o
                0x0000000024000204                hramecc1_m4
 .bss.hramecc1_m5
                0x0000000024000214       0x10 ./Core/Src/main.o
                0x0000000024000214                hramecc1_m5
 .bss.hramecc2_m1
                0x0000000024000224       0x10 ./Core/Src/main.o
                0x0000000024000224                hramecc2_m1
 .bss.hramecc2_m2
                0x0000000024000234       0x10 ./Core/Src/main.o
                0x0000000024000234                hramecc2_m2
 .bss.hramecc2_m3
                0x0000000024000244       0x10 ./Core/Src/main.o
                0x0000000024000244                hramecc2_m3
 .bss.hramecc2_m4
                0x0000000024000254       0x10 ./Core/Src/main.o
                0x0000000024000254                hramecc2_m4
 .bss.hramecc2_m5
                0x0000000024000264       0x10 ./Core/Src/main.o
                0x0000000024000264                hramecc2_m5
 .bss.hramecc3_m1
                0x0000000024000274       0x10 ./Core/Src/main.o
                0x0000000024000274                hramecc3_m1
 .bss.hramecc3_m2
                0x0000000024000284       0x10 ./Core/Src/main.o
                0x0000000024000284                hramecc3_m2
 .bss.huart3    0x0000000024000294       0x94 ./Core/Src/main.o
                0x0000000024000294                huart3
 .bss.hpcd_USB_OTG_FS
                0x0000000024000328      0x4e4 ./Core/Src/main.o
                0x0000000024000328                hpcd_USB_OTG_FS
 .bss.MACAddr.0
                0x000000002400080c        0x6 ./Core/Src/main.o
 *fill*         0x0000000024000812        0x2 
 .bss.uwTick    0x0000000024000814        0x4 ./Drivers/STM32H7xx_HAL_Driver/Src/stm32h7xx_hal.o
                0x0000000024000814                uwTick
 *(COMMON)
                0x0000000024000818                . = ALIGN (0x4)
                0x0000000024000818                _ebss = .
                0x0000000024000818                __bss_end__ = _ebss

._user_heap_stack
                0x0000000024000818      0x600 load address 0x0000000008006f30
                0x0000000024000818                . = ALIGN (0x8)
                [!provide]                        PROVIDE (end = .)
                0x0000000024000818                PROVIDE (_end = .)
                0x0000000024000a18                . = (. + _Min_Heap_Size)
 *fill*         0x0000000024000818      0x200 
                0x0000000024000e18                . = (. + _Min_Stack_Size)
 *fill*         0x0000000024000a18      0x400 
                0x0000000024000e18                . = ALIGN (0x8)

/DISCARD/
 libc.a(*)
 libm.a(*)
 libgcc.a(*)

.ARM.attributes
                0x0000000000000000       0x2e
 *(.ARM.attributes)
 .ARM.attributes
                0x0000000000000000       0x1e /Applications/STM32CubeIDE.app/Contents/Eclipse/plugins/com.st.stm32cube.ide.mcu.externaltools.gnu-tools-for-stm32.10.3-2021.10.macos64_1.0.200.202301161003/tools/bin/../lib/gcc/arm-none-eabi/10.3.1/thumb/v7e-m+dp/hard/crti.o
 .ARM.attributes
                0x000000000000001e       0x32 /Applications/STM32CubeIDE.app/Contents/Eclipse/plugins/com.st.stm32cube.ide.mcu.externaltools.gnu-tools-for-stm32.10.3-2021.10.macos64_1.0.200.202301161003/tools/bin/../lib/gcc/arm-none-eabi/10.3.1/thumb/v7e-m+dp/hard/crtbegin.o
 .ARM.attributes
                0x0000000000000050       0x32 ./Core/Src/main.o
 .ARM.attributes
                0x0000000000000082       0x32 ./Core/Src/stm32h7xx_hal_msp.o
 .ARM.attributes
                0x00000000000000b4       0x32 ./Core/Src/stm32h7xx_it.o
 .ARM.attributes
                0x00000000000000e6       0x32 ./Core/Src/system_stm32h7xx.o
 .ARM.attributes
                0x0000000000000118       0x21 ./Core/Startup/startup_stm32h753zitx.o
 .ARM.attributes
                0x0000000000000139       0x32 ./Drivers/STM32H7xx_HAL_Driver/Src/stm32h7xx_hal.o
 .ARM.attributes
                0x000000000000016b       0x32 ./Drivers/STM32H7xx_HAL_Driver/Src/stm32h7xx_hal_cortex.o
 .ARM.attributes
                0x000000000000019d       0x32 ./Drivers/STM32H7xx_HAL_Driver/Src/stm32h7xx_hal_eth.o
 .ARM.attributes
                0x00000000000001cf       0x32 ./Drivers/STM32H7xx_HAL_Driver/Src/stm32h7xx_hal_gpio.o
 .ARM.attributes
                0x0000000000000201       0x32 ./Drivers/STM32H7xx_HAL_Driver/Src/stm32h7xx_hal_pcd.o
 .ARM.attributes
                0x0000000000000233       0x32 ./Drivers/STM32H7xx_HAL_Driver/Src/stm32h7xx_hal_pcd_ex.o
 .ARM.attributes
                0x0000000000000265       0x32 ./Drivers/STM32H7xx_HAL_Driver/Src/stm32h7xx_hal_pwr_ex.o
 .ARM.attributes
                0x0000000000000297       0x32 ./Drivers/STM32H7xx_HAL_Driver/Src/stm32h7xx_hal_ramecc.o
 .ARM.attributes
                0x00000000000002c9       0x32 ./Drivers/STM32H7xx_HAL_Driver/Src/stm32h7xx_hal_rcc.o
 .ARM.attributes
                0x00000000000002fb       0x32 ./Drivers/STM32H7xx_HAL_Driver/Src/stm32h7xx_hal_rcc_ex.o
 .ARM.attributes
                0x000000000000032d       0x32 ./Drivers/STM32H7xx_HAL_Driver/Src/stm32h7xx_hal_uart.o
 .ARM.attributes
                0x000000000000035f       0x32 ./Drivers/STM32H7xx_HAL_Driver/Src/stm32h7xx_hal_uart_ex.o
 .ARM.attributes
                0x0000000000000391       0x32 ./Drivers/STM32H7xx_HAL_Driver/Src/stm32h7xx_ll_usb.o
 .ARM.attributes
                0x00000000000003c3       0x32 /Applications/STM32CubeIDE.app/Contents/Eclipse/plugins/com.st.stm32cube.ide.mcu.externaltools.gnu-tools-for-stm32.10.3-2021.10.macos64_1.0.200.202301161003/tools/bin/../lib/gcc/arm-none-eabi/10.3.1/../../../../arm-none-eabi/lib/thumb/v7e-m+dp/hard/libc_nano.a(lib_a-init.o)
 .ARM.attributes
                0x00000000000003f5       0x32 /Applications/STM32CubeIDE.app/Contents/Eclipse/plugins/com.st.stm32cube.ide.mcu.externaltools.gnu-tools-for-stm32.10.3-2021.10.macos64_1.0.200.202301161003/tools/bin/../lib/gcc/arm-none-eabi/10.3.1/../../../../arm-none-eabi/lib/thumb/v7e-m+dp/hard/libc_nano.a(lib_a-memset.o)
 .ARM.attributes
                0x0000000000000427       0x1e /Applications/STM32CubeIDE.app/Contents/Eclipse/plugins/com.st.stm32cube.ide.mcu.externaltools.gnu-tools-for-stm32.10.3-2021.10.macos64_1.0.200.202301161003/tools/bin/../lib/gcc/arm-none-eabi/10.3.1/thumb/v7e-m+dp/hard/libgcc.a(_aeabi_uldivmod.o)
 .ARM.attributes
                0x0000000000000445       0x32 /Applications/STM32CubeIDE.app/Contents/Eclipse/plugins/com.st.stm32cube.ide.mcu.externaltools.gnu-tools-for-stm32.10.3-2021.10.macos64_1.0.200.202301161003/tools/bin/../lib/gcc/arm-none-eabi/10.3.1/thumb/v7e-m+dp/hard/libgcc.a(_udivmoddi4.o)
 .ARM.attributes
                0x0000000000000477       0x1e /Applications/STM32CubeIDE.app/Contents/Eclipse/plugins/com.st.stm32cube.ide.mcu.externaltools.gnu-tools-for-stm32.10.3-2021.10.macos64_1.0.200.202301161003/tools/bin/../lib/gcc/arm-none-eabi/10.3.1/thumb/v7e-m+dp/hard/libgcc.a(_dvmd_tls.o)
 .ARM.attributes
                0x0000000000000495       0x1e /Applications/STM32CubeIDE.app/Contents/Eclipse/plugins/com.st.stm32cube.ide.mcu.externaltools.gnu-tools-for-stm32.10.3-2021.10.macos64_1.0.200.202301161003/tools/bin/../lib/gcc/arm-none-eabi/10.3.1/thumb/v7e-m+dp/hard/crtn.o
OUTPUT(ramECC.elf elf32-littlearm)
LOAD linker stubs
LOAD /Applications/STM32CubeIDE.app/Contents/Eclipse/plugins/com.st.stm32cube.ide.mcu.externaltools.gnu-tools-for-stm32.10.3-2021.10.macos64_1.0.200.202301161003/tools/bin/../lib/gcc/arm-none-eabi/10.3.1/../../../../arm-none-eabi/lib/thumb/v7e-m+dp/hard/libc.a
LOAD /Applications/STM32CubeIDE.app/Contents/Eclipse/plugins/com.st.stm32cube.ide.mcu.externaltools.gnu-tools-for-stm32.10.3-2021.10.macos64_1.0.200.202301161003/tools/bin/../lib/gcc/arm-none-eabi/10.3.1/../../../../arm-none-eabi/lib/thumb/v7e-m+dp/hard/libm.a
LOAD /Applications/STM32CubeIDE.app/Contents/Eclipse/plugins/com.st.stm32cube.ide.mcu.externaltools.gnu-tools-for-stm32.10.3-2021.10.macos64_1.0.200.202301161003/tools/bin/../lib/gcc/arm-none-eabi/10.3.1/thumb/v7e-m+dp/hard/libgcc.a

.debug_info     0x0000000000000000    0x19a0a
 .debug_info    0x0000000000000000     0x30ec ./Core/Src/main.o
 .debug_info    0x00000000000030ec     0x2631 ./Core/Src/stm32h7xx_hal_msp.o
 .debug_info    0x000000000000571d      0x301 ./Core/Src/stm32h7xx_it.o
 .debug_info    0x0000000000005a1e      0xd07 ./Core/Src/system_stm32h7xx.o
 .debug_info    0x0000000000006725       0x22 ./Core/Startup/startup_stm32h753zitx.o
 .debug_info    0x0000000000006747     0x15dd ./Drivers/STM32H7xx_HAL_Driver/Src/stm32h7xx_hal.o
 .debug_info    0x0000000000007d24     0x11c3 ./Drivers/STM32H7xx_HAL_Driver/Src/stm32h7xx_hal_cortex.o
 .debug_info    0x0000000000008ee7     0x2c47 ./Drivers/STM32H7xx_HAL_Driver/Src/stm32h7xx_hal_eth.o
 .debug_info    0x000000000000bb2e      0xd28 ./Drivers/STM32H7xx_HAL_Driver/Src/stm32h7xx_hal_gpio.o
 .debug_info    0x000000000000c856     0x16bb ./Drivers/STM32H7xx_HAL_Driver/Src/stm32h7xx_hal_pcd.o
 .debug_info    0x000000000000df11      0x913 ./Drivers/STM32H7xx_HAL_Driver/Src/stm32h7xx_hal_pcd_ex.o
 .debug_info    0x000000000000e824     0x109d ./Drivers/STM32H7xx_HAL_Driver/Src/stm32h7xx_hal_pwr_ex.o
 .debug_info    0x000000000000f8c1      0x526 ./Drivers/STM32H7xx_HAL_Driver/Src/stm32h7xx_hal_ramecc.o
 .debug_info    0x000000000000fde7      0xf4a ./Drivers/STM32H7xx_HAL_Driver/Src/stm32h7xx_hal_rcc.o
 .debug_info    0x0000000000010d31     0x12d9 ./Drivers/STM32H7xx_HAL_Driver/Src/stm32h7xx_hal_rcc_ex.o
 .debug_info    0x000000000001200a     0x4dca ./Drivers/STM32H7xx_HAL_Driver/Src/stm32h7xx_hal_uart.o
 .debug_info    0x0000000000016dd4     0x1065 ./Drivers/STM32H7xx_HAL_Driver/Src/stm32h7xx_hal_uart_ex.o
 .debug_info    0x0000000000017e39     0x1bd1 ./Drivers/STM32H7xx_HAL_Driver/Src/stm32h7xx_ll_usb.o

.debug_abbrev   0x0000000000000000     0x2a1a
 .debug_abbrev  0x0000000000000000      0x37b ./Core/Src/main.o
 .debug_abbrev  0x000000000000037b      0x27e ./Core/Src/stm32h7xx_hal_msp.o
 .debug_abbrev  0x00000000000005f9      0x13e ./Core/Src/stm32h7xx_it.o
 .debug_abbrev  0x0000000000000737      0x147 ./Core/Src/system_stm32h7xx.o
 .debug_abbrev  0x000000000000087e       0x12 ./Core/Startup/startup_stm32h753zitx.o
 .debug_abbrev  0x0000000000000890      0x289 ./Drivers/STM32H7xx_HAL_Driver/Src/stm32h7xx_hal.o
 .debug_abbrev  0x0000000000000b19      0x329 ./Drivers/STM32H7xx_HAL_Driver/Src/stm32h7xx_hal_cortex.o
 .debug_abbrev  0x0000000000000e42      0x32d ./Drivers/STM32H7xx_HAL_Driver/Src/stm32h7xx_hal_eth.o
 .debug_abbrev  0x000000000000116f      0x1ec ./Drivers/STM32H7xx_HAL_Driver/Src/stm32h7xx_hal_gpio.o
 .debug_abbrev  0x000000000000135b      0x2c8 ./Drivers/STM32H7xx_HAL_Driver/Src/stm32h7xx_hal_pcd.o
 .debug_abbrev  0x0000000000001623      0x24a ./Drivers/STM32H7xx_HAL_Driver/Src/stm32h7xx_hal_pcd_ex.o
 .debug_abbrev  0x000000000000186d      0x28f ./Drivers/STM32H7xx_HAL_Driver/Src/stm32h7xx_hal_pwr_ex.o
 .debug_abbrev  0x0000000000001afc      0x18b ./Drivers/STM32H7xx_HAL_Driver/Src/stm32h7xx_hal_ramecc.o
 .debug_abbrev  0x0000000000001c87      0x2b8 ./Drivers/STM32H7xx_HAL_Driver/Src/stm32h7xx_hal_rcc.o
 .debug_abbrev  0x0000000000001f3f      0x25c ./Drivers/STM32H7xx_HAL_Driver/Src/stm32h7xx_hal_rcc_ex.o
 .debug_abbrev  0x000000000000219b      0x325 ./Drivers/STM32H7xx_HAL_Driver/Src/stm32h7xx_hal_uart.o
 .debug_abbrev  0x00000000000024c0      0x2bd ./Drivers/STM32H7xx_HAL_Driver/Src/stm32h7xx_hal_uart_ex.o
 .debug_abbrev  0x000000000000277d      0x29d ./Drivers/STM32H7xx_HAL_Driver/Src/stm32h7xx_ll_usb.o

.debug_aranges  0x0000000000000000     0x1028
 .debug_aranges
                0x0000000000000000       0x80 ./Core/Src/main.o
 .debug_aranges
                0x0000000000000080       0x50 ./Core/Src/stm32h7xx_hal_msp.o
 .debug_aranges
                0x00000000000000d0       0x68 ./Core/Src/stm32h7xx_it.o
 .debug_aranges
                0x0000000000000138       0x28 ./Core/Src/system_stm32h7xx.o
 .debug_aranges
                0x0000000000000160       0x28 ./Core/Startup/startup_stm32h753zitx.o
 .debug_aranges
                0x0000000000000188      0x198 ./Drivers/STM32H7xx_HAL_Driver/Src/stm32h7xx_hal.o
 .debug_aranges
                0x0000000000000320      0x130 ./Drivers/STM32H7xx_HAL_Driver/Src/stm32h7xx_hal_cortex.o
 .debug_aranges
                0x0000000000000450      0x1d8 ./Drivers/STM32H7xx_HAL_Driver/Src/stm32h7xx_hal_eth.o
 .debug_aranges
                0x0000000000000628       0x58 ./Drivers/STM32H7xx_HAL_Driver/Src/stm32h7xx_hal_gpio.o
 .debug_aranges
                0x0000000000000680      0x140 ./Drivers/STM32H7xx_HAL_Driver/Src/stm32h7xx_hal_pcd.o
 .debug_aranges
                0x00000000000007c0       0x60 ./Drivers/STM32H7xx_HAL_Driver/Src/stm32h7xx_hal_pcd_ex.o
 .debug_aranges
                0x0000000000000820      0x158 ./Drivers/STM32H7xx_HAL_Driver/Src/stm32h7xx_hal_pwr_ex.o
 .debug_aranges
                0x0000000000000978       0xa0 ./Drivers/STM32H7xx_HAL_Driver/Src/stm32h7xx_hal_ramecc.o
 .debug_aranges
                0x0000000000000a18       0x88 ./Drivers/STM32H7xx_HAL_Driver/Src/stm32h7xx_hal_rcc.o
 .debug_aranges
                0x0000000000000aa0       0xf8 ./Drivers/STM32H7xx_HAL_Driver/Src/stm32h7xx_hal_rcc_ex.o
 .debug_aranges
                0x0000000000000b98      0x248 ./Drivers/STM32H7xx_HAL_Driver/Src/stm32h7xx_hal_uart.o
 .debug_aranges
                0x0000000000000de0       0xa8 ./Drivers/STM32H7xx_HAL_Driver/Src/stm32h7xx_hal_uart_ex.o
 .debug_aranges
                0x0000000000000e88      0x1a0 ./Drivers/STM32H7xx_HAL_Driver/Src/stm32h7xx_ll_usb.o

.debug_ranges   0x0000000000000000      0xf40
 .debug_ranges  0x0000000000000000       0x70 ./Core/Src/main.o
 .debug_ranges  0x0000000000000070       0x40 ./Core/Src/stm32h7xx_hal_msp.o
 .debug_ranges  0x00000000000000b0       0x58 ./Core/Src/stm32h7xx_it.o
 .debug_ranges  0x0000000000000108       0x18 ./Core/Src/system_stm32h7xx.o
 .debug_ranges  0x0000000000000120       0x20 ./Core/Startup/startup_stm32h753zitx.o
 .debug_ranges  0x0000000000000140      0x188 ./Drivers/STM32H7xx_HAL_Driver/Src/stm32h7xx_hal.o
 .debug_ranges  0x00000000000002c8      0x120 ./Drivers/STM32H7xx_HAL_Driver/Src/stm32h7xx_hal_cortex.o
 .debug_ranges  0x00000000000003e8      0x1c8 ./Drivers/STM32H7xx_HAL_Driver/Src/stm32h7xx_hal_eth.o
 .debug_ranges  0x00000000000005b0       0x48 ./Drivers/STM32H7xx_HAL_Driver/Src/stm32h7xx_hal_gpio.o
 .debug_ranges  0x00000000000005f8      0x130 ./Drivers/STM32H7xx_HAL_Driver/Src/stm32h7xx_hal_pcd.o
 .debug_ranges  0x0000000000000728       0x50 ./Drivers/STM32H7xx_HAL_Driver/Src/stm32h7xx_hal_pcd_ex.o
 .debug_ranges  0x0000000000000778      0x148 ./Drivers/STM32H7xx_HAL_Driver/Src/stm32h7xx_hal_pwr_ex.o
 .debug_ranges  0x00000000000008c0       0x90 ./Drivers/STM32H7xx_HAL_Driver/Src/stm32h7xx_hal_ramecc.o
 .debug_ranges  0x0000000000000950       0x78 ./Drivers/STM32H7xx_HAL_Driver/Src/stm32h7xx_hal_rcc.o
 .debug_ranges  0x00000000000009c8       0xe8 ./Drivers/STM32H7xx_HAL_Driver/Src/stm32h7xx_hal_rcc_ex.o
 .debug_ranges  0x0000000000000ab0      0x268 ./Drivers/STM32H7xx_HAL_Driver/Src/stm32h7xx_hal_uart.o
 .debug_ranges  0x0000000000000d18       0x98 ./Drivers/STM32H7xx_HAL_Driver/Src/stm32h7xx_hal_uart_ex.o
 .debug_ranges  0x0000000000000db0      0x190 ./Drivers/STM32H7xx_HAL_Driver/Src/stm32h7xx_ll_usb.o

.debug_macro    0x0000000000000000    0x37cf7
 .debug_macro   0x0000000000000000      0x374 ./Core/Src/main.o
 .debug_macro   0x0000000000000374      0xa90 ./Core/Src/main.o
 .debug_macro   0x0000000000000e04      0x244 ./Core/Src/main.o
 .debug_macro   0x0000000000001048       0x2e ./Core/Src/main.o
 .debug_macro   0x0000000000001076       0x3b ./Core/Src/main.o
 .debug_macro   0x00000000000010b1       0x22 ./Core/Src/main.o
 .debug_macro   0x00000000000010d3       0x8e ./Core/Src/main.o
 .debug_macro   0x0000000000001161       0x51 ./Core/Src/main.o
 .debug_macro   0x00000000000011b2      0x103 ./Core/Src/main.o
 .debug_macro   0x00000000000012b5       0x6a ./Core/Src/main.o
 .debug_macro   0x000000000000131f      0x1df ./Core/Src/main.o
 .debug_macro   0x00000000000014fe       0x1c ./Core/Src/main.o
 .debug_macro   0x000000000000151a       0x22 ./Core/Src/main.o
 .debug_macro   0x000000000000153c       0xfb ./Core/Src/main.o
 .debug_macro   0x0000000000001637     0x1305 ./Core/Src/main.o
 .debug_macro   0x000000000000293c      0x11f ./Core/Src/main.o
 .debug_macro   0x0000000000002a5b       0x27 ./Core/Src/main.o
 .debug_macro   0x0000000000002a82    0x25f24 ./Core/Src/main.o
 .debug_macro   0x00000000000289a6       0x6d ./Core/Src/main.o
 .debug_macro   0x0000000000028a13     0x3d79 ./Core/Src/main.o
 .debug_macro   0x000000000002c78c      0x174 ./Core/Src/main.o
 .debug_macro   0x000000000002c900       0x52 ./Core/Src/main.o
 .debug_macro   0x000000000002c952       0x1d ./Core/Src/main.o
 .debug_macro   0x000000000002c96f       0x3c ./Core/Src/main.o
 .debug_macro   0x000000000002c9ab       0x34 ./Core/Src/main.o
 .debug_macro   0x000000000002c9df       0x16 ./Core/Src/main.o
 .debug_macro   0x000000000002c9f5       0x43 ./Core/Src/main.o
 .debug_macro   0x000000000002ca38       0x34 ./Core/Src/main.o
 .debug_macro   0x000000000002ca6c       0x10 ./Core/Src/main.o
 .debug_macro   0x000000000002ca7c       0x58 ./Core/Src/main.o
 .debug_macro   0x000000000002cad4       0x71 ./Core/Src/main.o
 .debug_macro   0x000000000002cb45       0x1c ./Core/Src/main.o
 .debug_macro   0x000000000002cb61      0x12a ./Core/Src/main.o
 .debug_macro   0x000000000002cc8b      0x341 ./Core/Src/main.o
 .debug_macro   0x000000000002cfcc      0x19b ./Core/Src/main.o
 .debug_macro   0x000000000002d167       0x5d ./Core/Src/main.o
 .debug_macro   0x000000000002d1c4     0x240e ./Core/Src/main.o
 .debug_macro   0x000000000002f5d2     0x102c ./Core/Src/main.o
 .debug_macro   0x00000000000305fe      0x154 ./Core/Src/main.o
 .debug_macro   0x0000000000030752      0x114 ./Core/Src/main.o
 .debug_macro   0x0000000000030866      0x3b6 ./Core/Src/main.o
 .debug_macro   0x0000000000030c1c       0xac ./Core/Src/main.o
 .debug_macro   0x0000000000030cc8      0x72d ./Core/Src/main.o
 .debug_macro   0x00000000000313f5      0x228 ./Core/Src/main.o
 .debug_macro   0x000000000003161d       0x66 ./Core/Src/main.o
 .debug_macro   0x0000000000031683      0x3bb ./Core/Src/main.o
 .debug_macro   0x0000000000031a3e      0xa80 ./Core/Src/main.o
 .debug_macro   0x00000000000324be      0x129 ./Core/Src/main.o
 .debug_macro   0x00000000000325e7      0x3e4 ./Core/Src/main.o
 .debug_macro   0x00000000000329cb      0x275 ./Core/Src/main.o
 .debug_macro   0x0000000000032c40      0x3ca ./Core/Src/main.o
 .debug_macro   0x000000000003300a      0x408 ./Core/Src/main.o
 .debug_macro   0x0000000000033412       0x51 ./Core/Src/main.o
 .debug_macro   0x0000000000033463       0x4a ./Core/Src/main.o
 .debug_macro   0x00000000000334ad      0x22c ./Core/Src/main.o
 .debug_macro   0x00000000000336d9       0x67 ./Core/Src/main.o
 .debug_macro   0x0000000000033740       0xa5 ./Core/Src/main.o
 .debug_macro   0x00000000000337e5      0x1c4 ./Core/Src/main.o
 .debug_macro   0x00000000000339a9      0x25e ./Core/Src/main.o
 .debug_macro   0x0000000000033c07       0x35 ./Core/Src/main.o
 .debug_macro   0x0000000000033c3c       0xf5 ./Core/Src/main.o
 .debug_macro   0x0000000000033d31      0x693 ./Core/Src/main.o
 .debug_macro   0x00000000000343c4       0xa6 ./Core/Src/main.o
 .debug_macro   0x000000000003446a      0x293 ./Core/Src/main.o
 .debug_macro   0x00000000000346fd       0x90 ./Core/Src/main.o
 .debug_macro   0x000000000003478d      0x5a0 ./Core/Src/main.o
 .debug_macro   0x0000000000034d2d       0x64 ./Core/Src/main.o
 .debug_macro   0x0000000000034d91       0x16 ./Core/Src/main.o
 .debug_macro   0x0000000000034da7       0x35 ./Core/Src/main.o
 .debug_macro   0x0000000000034ddc       0x20 ./Core/Src/main.o
 .debug_macro   0x0000000000034dfc      0x2e4 ./Core/Src/stm32h7xx_hal_msp.o
 .debug_macro   0x00000000000350e0      0x2ee ./Core/Src/stm32h7xx_it.o
 .debug_macro   0x00000000000353ce      0x2d5 ./Core/Src/system_stm32h7xx.o
 .debug_macro   0x00000000000356a3      0x2ff ./Drivers/STM32H7xx_HAL_Driver/Src/stm32h7xx_hal.o
 .debug_macro   0x00000000000359a2      0x2d5 ./Drivers/STM32H7xx_HAL_Driver/Src/stm32h7xx_hal_cortex.o
 .debug_macro   0x0000000000035c77      0x369 ./Drivers/STM32H7xx_HAL_Driver/Src/stm32h7xx_hal_eth.o
 .debug_macro   0x0000000000035fe0      0x2dc ./Drivers/STM32H7xx_HAL_Driver/Src/stm32h7xx_hal_gpio.o
 .debug_macro   0x00000000000362bc      0x2e1 ./Drivers/STM32H7xx_HAL_Driver/Src/stm32h7xx_hal_pcd.o
 .debug_macro   0x000000000003659d      0x2d5 ./Drivers/STM32H7xx_HAL_Driver/Src/stm32h7xx_hal_pcd_ex.o
 .debug_macro   0x0000000000036872      0x30e ./Drivers/STM32H7xx_HAL_Driver/Src/stm32h7xx_hal_pwr_ex.o
 .debug_macro   0x0000000000036b80      0x2d5 ./Drivers/STM32H7xx_HAL_Driver/Src/stm32h7xx_hal_ramecc.o
 .debug_macro   0x0000000000036e55      0x2f9 ./Drivers/STM32H7xx_HAL_Driver/Src/stm32h7xx_hal_rcc.o
 .debug_macro   0x000000000003714e      0x2f3 ./Drivers/STM32H7xx_HAL_Driver/Src/stm32h7xx_hal_rcc_ex.o
 .debug_macro   0x0000000000037441      0x300 ./Drivers/STM32H7xx_HAL_Driver/Src/stm32h7xx_hal_uart.o
 .debug_macro   0x0000000000037741      0x2e1 ./Drivers/STM32H7xx_HAL_Driver/Src/stm32h7xx_hal_uart_ex.o
 .debug_macro   0x0000000000037a22      0x2d5 ./Drivers/STM32H7xx_HAL_Driver/Src/stm32h7xx_ll_usb.o

.debug_line     0x0000000000000000    0x14cfc
 .debug_line    0x0000000000000000      0xc6e ./Core/Src/main.o
 .debug_line    0x0000000000000c6e      0xa42 ./Core/Src/stm32h7xx_hal_msp.o
 .debug_line    0x00000000000016b0      0xa1b ./Core/Src/stm32h7xx_it.o
 .debug_line    0x00000000000020cb      0xa9d ./Core/Src/system_stm32h7xx.o
 .debug_line    0x0000000000002b68       0x88 ./Core/Startup/startup_stm32h753zitx.o
 .debug_line    0x0000000000002bf0      0xe9b ./Drivers/STM32H7xx_HAL_Driver/Src/stm32h7xx_hal.o
 .debug_line    0x0000000000003a8b      0xecf ./Drivers/STM32H7xx_HAL_Driver/Src/stm32h7xx_hal_cortex.o
 .debug_line    0x000000000000495a     0x1c10 ./Drivers/STM32H7xx_HAL_Driver/Src/stm32h7xx_hal_eth.o
 .debug_line    0x000000000000656a      0xd5e ./Drivers/STM32H7xx_HAL_Driver/Src/stm32h7xx_hal_gpio.o
 .debug_line    0x00000000000072c8     0x1657 ./Drivers/STM32H7xx_HAL_Driver/Src/stm32h7xx_hal_pcd.o
 .debug_line    0x000000000000891f      0xabd ./Drivers/STM32H7xx_HAL_Driver/Src/stm32h7xx_hal_pcd_ex.o
 .debug_line    0x00000000000093dc      0xfc1 ./Drivers/STM32H7xx_HAL_Driver/Src/stm32h7xx_hal_pwr_ex.o
 .debug_line    0x000000000000a39d      0xc04 ./Drivers/STM32H7xx_HAL_Driver/Src/stm32h7xx_hal_ramecc.o
 .debug_line    0x000000000000afa1     0x146b ./Drivers/STM32H7xx_HAL_Driver/Src/stm32h7xx_hal_rcc.o
 .debug_line    0x000000000000c40c     0x1d39 ./Drivers/STM32H7xx_HAL_Driver/Src/stm32h7xx_hal_rcc_ex.o
 .debug_line    0x000000000000e145     0x3f08 ./Drivers/STM32H7xx_HAL_Driver/Src/stm32h7xx_hal_uart.o
 .debug_line    0x000000000001204d      0xf39 ./Drivers/STM32H7xx_HAL_Driver/Src/stm32h7xx_hal_uart_ex.o
 .debug_line    0x0000000000012f86     0x1d76 ./Drivers/STM32H7xx_HAL_Driver/Src/stm32h7xx_ll_usb.o

.debug_str      0x0000000000000000   0x1614db
 .debug_str     0x0000000000000000   0x15c515 ./Core/Src/main.o
                                     0x15cb0d (size before relaxing)
 .debug_str     0x000000000015c515      0x3f2 ./Core/Src/stm32h7xx_hal_msp.o
                                     0x15bd70 (size before relaxing)
 .debug_str     0x000000000015c907       0xdf ./Core/Src/stm32h7xx_it.o
                                     0x15a66e (size before relaxing)
 .debug_str     0x000000000015c9e6      0x330 ./Core/Src/system_stm32h7xx.o
                                     0x15a81e (size before relaxing)
 .debug_str     0x000000000015cd16       0x36 ./Core/Startup/startup_stm32h753zitx.o
                                         0x77 (size before relaxing)
 .debug_str     0x000000000015cd4c      0x7f9 ./Drivers/STM32H7xx_HAL_Driver/Src/stm32h7xx_hal.o
                                     0x15b743 (size before relaxing)
 .debug_str     0x000000000015d545      0x378 ./Drivers/STM32H7xx_HAL_Driver/Src/stm32h7xx_hal_cortex.o
                                     0x15b17e (size before relaxing)
 .debug_str     0x000000000015d8bd     0x1036 ./Drivers/STM32H7xx_HAL_Driver/Src/stm32h7xx_hal_eth.o
                                     0x15c0a3 (size before relaxing)
 .debug_str     0x000000000015e8f3       0xec ./Drivers/STM32H7xx_HAL_Driver/Src/stm32h7xx_hal_gpio.o
                                     0x15a7d5 (size before relaxing)
 .debug_str     0x000000000015e9df      0x805 ./Drivers/STM32H7xx_HAL_Driver/Src/stm32h7xx_hal_pcd.o
                                     0x15af89 (size before relaxing)
 .debug_str     0x000000000015f1e4      0x174 ./Drivers/STM32H7xx_HAL_Driver/Src/stm32h7xx_hal_pcd_ex.o
                                     0x15a927 (size before relaxing)
 .debug_str     0x000000000015f358      0x618 ./Drivers/STM32H7xx_HAL_Driver/Src/stm32h7xx_hal_pwr_ex.o
                                     0x15ac96 (size before relaxing)
 .debug_str     0x000000000015f970      0x180 ./Drivers/STM32H7xx_HAL_Driver/Src/stm32h7xx_hal_ramecc.o
                                     0x15a5d3 (size before relaxing)
 .debug_str     0x000000000015faf0      0x21a ./Drivers/STM32H7xx_HAL_Driver/Src/stm32h7xx_hal_rcc.o
                                     0x15abb9 (size before relaxing)
 .debug_str     0x000000000015fd0a      0x64b ./Drivers/STM32H7xx_HAL_Driver/Src/stm32h7xx_hal_rcc_ex.o
                                     0x15b09a (size before relaxing)
 .debug_str     0x0000000000160355      0xa7a ./Drivers/STM32H7xx_HAL_Driver/Src/stm32h7xx_hal_uart.o
                                     0x15b6fa (size before relaxing)
 .debug_str     0x0000000000160dcf      0x261 ./Drivers/STM32H7xx_HAL_Driver/Src/stm32h7xx_hal_uart_ex.o
                                     0x15acba (size before relaxing)
 .debug_str     0x0000000000161030      0x4ab ./Drivers/STM32H7xx_HAL_Driver/Src/stm32h7xx_ll_usb.o
                                     0x15ae83 (size before relaxing)

.comment        0x0000000000000000       0x50
 .comment       0x0000000000000000       0x50 ./Core/Src/main.o
                                         0x51 (size before relaxing)
 .comment       0x0000000000000050       0x51 ./Core/Src/stm32h7xx_hal_msp.o
 .comment       0x0000000000000050       0x51 ./Core/Src/stm32h7xx_it.o
 .comment       0x0000000000000050       0x51 ./Core/Src/system_stm32h7xx.o
 .comment       0x0000000000000050       0x51 ./Drivers/STM32H7xx_HAL_Driver/Src/stm32h7xx_hal.o
 .comment       0x0000000000000050       0x51 ./Drivers/STM32H7xx_HAL_Driver/Src/stm32h7xx_hal_cortex.o
 .comment       0x0000000000000050       0x51 ./Drivers/STM32H7xx_HAL_Driver/Src/stm32h7xx_hal_eth.o
 .comment       0x0000000000000050       0x51 ./Drivers/STM32H7xx_HAL_Driver/Src/stm32h7xx_hal_gpio.o
 .comment       0x0000000000000050       0x51 ./Drivers/STM32H7xx_HAL_Driver/Src/stm32h7xx_hal_pcd.o
 .comment       0x0000000000000050       0x51 ./Drivers/STM32H7xx_HAL_Driver/Src/stm32h7xx_hal_pcd_ex.o
 .comment       0x0000000000000050       0x51 ./Drivers/STM32H7xx_HAL_Driver/Src/stm32h7xx_hal_pwr_ex.o
 .comment       0x0000000000000050       0x51 ./Drivers/STM32H7xx_HAL_Driver/Src/stm32h7xx_hal_ramecc.o
 .comment       0x0000000000000050       0x51 ./Drivers/STM32H7xx_HAL_Driver/Src/stm32h7xx_hal_rcc.o
 .comment       0x0000000000000050       0x51 ./Drivers/STM32H7xx_HAL_Driver/Src/stm32h7xx_hal_rcc_ex.o
 .comment       0x0000000000000050       0x51 ./Drivers/STM32H7xx_HAL_Driver/Src/stm32h7xx_hal_uart.o
 .comment       0x0000000000000050       0x51 ./Drivers/STM32H7xx_HAL_Driver/Src/stm32h7xx_hal_uart_ex.o
 .comment       0x0000000000000050       0x51 ./Drivers/STM32H7xx_HAL_Driver/Src/stm32h7xx_ll_usb.o

.debug_frame    0x0000000000000000     0x44bc
 .debug_frame   0x0000000000000000      0x1b0 ./Core/Src/main.o
 .debug_frame   0x00000000000001b0      0x118 ./Core/Src/stm32h7xx_hal_msp.o
 .debug_frame   0x00000000000002c8      0x120 ./Core/Src/stm32h7xx_it.o
 .debug_frame   0x00000000000003e8       0x58 ./Core/Src/system_stm32h7xx.o
 .debug_frame   0x0000000000000440      0x690 ./Drivers/STM32H7xx_HAL_Driver/Src/stm32h7xx_hal.o
 .debug_frame   0x0000000000000ad0      0x508 ./Drivers/STM32H7xx_HAL_Driver/Src/stm32h7xx_hal_cortex.o
 .debug_frame   0x0000000000000fd8      0x894 ./Drivers/STM32H7xx_HAL_Driver/Src/stm32h7xx_hal_eth.o
 .debug_frame   0x000000000000186c      0x14c ./Drivers/STM32H7xx_HAL_Driver/Src/stm32h7xx_hal_gpio.o
 .debug_frame   0x00000000000019b8      0x590 ./Drivers/STM32H7xx_HAL_Driver/Src/stm32h7xx_hal_pcd.o
 .debug_frame   0x0000000000001f48      0x174 ./Drivers/STM32H7xx_HAL_Driver/Src/stm32h7xx_hal_pcd_ex.o
 .debug_frame   0x00000000000020bc      0x580 ./Drivers/STM32H7xx_HAL_Driver/Src/stm32h7xx_hal_pwr_ex.o
 .debug_frame   0x000000000000263c      0x2b4 ./Drivers/STM32H7xx_HAL_Driver/Src/stm32h7xx_hal_ramecc.o
 .debug_frame   0x00000000000028f0      0x1f8 ./Drivers/STM32H7xx_HAL_Driver/Src/stm32h7xx_hal_rcc.o
 .debug_frame   0x0000000000002ae8      0x414 ./Drivers/STM32H7xx_HAL_Driver/Src/stm32h7xx_hal_rcc_ex.o
 .debug_frame   0x0000000000002efc      0xa94 ./Drivers/STM32H7xx_HAL_Driver/Src/stm32h7xx_hal_uart.o
 .debug_frame   0x0000000000003990      0x2c0 ./Drivers/STM32H7xx_HAL_Driver/Src/stm32h7xx_hal_uart_ex.o
 .debug_frame   0x0000000000003c50      0x7c0 ./Drivers/STM32H7xx_HAL_Driver/Src/stm32h7xx_ll_usb.o
 .debug_frame   0x0000000000004410       0x2c /Applications/STM32CubeIDE.app/Contents/Eclipse/plugins/com.st.stm32cube.ide.mcu.externaltools.gnu-tools-for-stm32.10.3-2021.10.macos64_1.0.200.202301161003/tools/bin/../lib/gcc/arm-none-eabi/10.3.1/../../../../arm-none-eabi/lib/thumb/v7e-m+dp/hard/libc_nano.a(lib_a-init.o)
 .debug_frame   0x000000000000443c       0x20 /Applications/STM32CubeIDE.app/Contents/Eclipse/plugins/com.st.stm32cube.ide.mcu.externaltools.gnu-tools-for-stm32.10.3-2021.10.macos64_1.0.200.202301161003/tools/bin/../lib/gcc/arm-none-eabi/10.3.1/../../../../arm-none-eabi/lib/thumb/v7e-m+dp/hard/libc_nano.a(lib_a-memset.o)
 .debug_frame   0x000000000000445c       0x2c /Applications/STM32CubeIDE.app/Contents/Eclipse/plugins/com.st.stm32cube.ide.mcu.externaltools.gnu-tools-for-stm32.10.3-2021.10.macos64_1.0.200.202301161003/tools/bin/../lib/gcc/arm-none-eabi/10.3.1/thumb/v7e-m+dp/hard/libgcc.a(_aeabi_uldivmod.o)
 .debug_frame   0x0000000000004488       0x34 /Applications/STM32CubeIDE.app/Contents/Eclipse/plugins/com.st.stm32cube.ide.mcu.externaltools.gnu-tools-for-stm32.10.3-2021.10.macos64_1.0.200.202301161003/tools/bin/../lib/gcc/arm-none-eabi/10.3.1/thumb/v7e-m+dp/hard/libgcc.a(_udivmoddi4.o)
