../Core/Src/main.c:118:5:main	8	static
../Core/Src/main.c:178:6:SystemClock_Config	120	static
../Core/Src/main.c:244:13:MX_ADC1_Init	48	static
../Core/Src/main.c:312:13:MX_DFSDM1_Init	8	static
../Core/Src/main.c:350:13:MX_ETH_Init	8	static
../Core/Src/main.c:399:13:MX_I2C1_Init	8	static
../Core/Src/main.c:447:13:MX_LTDC_Init	112	static
../Core/Src/main.c:529:13:MX_QUADSPI_Init	8	static
../Core/Src/main.c:563:13:MX_SAI1_Init	8	static
../Core/Src/main.c:644:13:MX_USART1_UART_Init	8	static
../Core/Src/main.c:692:13:MX_USB_OTG_FS_PCD_Init	8	static
../Core/Src/main.c:728:13:MX_USB_OTG_HS_PCD_Init	8	static
../Core/Src/main.c:760:13:MX_FMC_Init	64	static
../Core/Src/main.c:882:13:MX_GPIO_Init	72	static
../Core/Src/main.c:995:6:Error_Handler	4	static,ignoring_inline_asm
