../Core/Src/stm32h7xx_hal_msp.c:63:6:HAL_MspInit	16	static
../Core/Src/stm32h7xx_hal_msp.c:84:6:HAL_ADC_MspInit	216	static
../Core/Src/stm32h7xx_hal_msp.c:135:6:HAL_ADC_MspDeInit	16	static
../Core/Src/stm32h7xx_hal_msp.c:159:6:HAL_DFSDM_ChannelMspInit	240	static
../Core/Src/stm32h7xx_hal_msp.c:214:6:HAL_DFSDM_ChannelMspDeInit	16	static
../Core/Src/stm32h7xx_hal_msp.c:244:6:HAL_ETH_MspInit	64	static
../Core/Src/stm32h7xx_hal_msp.c:305:6:HAL_ETH_MspDeInit	16	static
../Core/Src/stm32h7xx_hal_msp.c:347:6:HAL_I2C_MspInit	240	static
../Core/Src/stm32h7xx_hal_msp.c:393:6:HAL_I2C_MspDeInit	16	static
../Core/Src/stm32h7xx_hal_msp.c:424:6:HAL_LTDC_MspInit	248	static
../Core/Src/stm32h7xx_hal_msp.c:524:6:HAL_LTDC_MspDeInit	16	static
../Core/Src/stm32h7xx_hal_msp.c:587:6:HAL_QSPI_MspInit	256	static
../Core/Src/stm32h7xx_hal_msp.c:680:6:HAL_QSPI_MspDeInit	16	static
../Core/Src/stm32h7xx_hal_msp.c:723:6:HAL_UART_MspInit	240	static
../Core/Src/stm32h7xx_hal_msp.c:770:6:HAL_UART_MspDeInit	16	static
../Core/Src/stm32h7xx_hal_msp.c:799:6:HAL_PCD_MspInit	272	static
../Core/Src/stm32h7xx_hal_msp.c:932:6:HAL_PCD_MspDeInit	16	static
../Core/Src/stm32h7xx_hal_msp.c:997:13:HAL_FMC_MspInit	232	static
../Core/Src/stm32h7xx_hal_msp.c:1150:6:HAL_NOR_MspInit	16	static
../Core/Src/stm32h7xx_hal_msp.c:1160:6:HAL_SRAM_MspInit	16	static
../Core/Src/stm32h7xx_hal_msp.c:1170:6:HAL_SDRAM_MspInit	16	static
../Core/Src/stm32h7xx_hal_msp.c:1182:13:HAL_FMC_MspDeInit	8	static
../Core/Src/stm32h7xx_hal_msp.c:1293:6:HAL_NOR_MspDeInit	16	static
../Core/Src/stm32h7xx_hal_msp.c:1303:6:HAL_SRAM_MspDeInit	16	static
../Core/Src/stm32h7xx_hal_msp.c:1313:6:HAL_SDRAM_MspDeInit	16	static
../Core/Src/stm32h7xx_hal_msp.c:1325:6:HAL_SAI_MspInit	240	static
../Core/Src/stm32h7xx_hal_msp.c:1403:6:HAL_SAI_MspDeInit	16	static
